
 Start         Length     Name                   Class
 0001:00000000 000FB358H .text                   CODE
 0002:00000000 00002798H .data                   DATA
 0002:00002798 00000DD5H .bss                    BSS


Detailed map of segments

 0001:00000000 000065B0 C=CODE     S=.text    G=(none)   M=System   ACBP=A9
 0001:000065B0 00000174 C=CODE     S=.text    G=(none)   M=SysInit  ACBP=A9
 0001:00006724 00000D08 C=CODE     S=.text    G=(none)   M=Windows  ACBP=A9
 0001:0000742C 00000038 C=CODE     S=.text    G=(none)   M=Messages ACBP=A9
 0001:00007464 00000308 C=CODE     S=.text    G=(none)   M=SysConst ACBP=A9
 0001:0000776C 00006424 C=CODE     S=.text    G=(none)   M=SysUtils ACBP=A9
 0001:0000DB90 00000148 C=CODE     S=.text    G=(none)   M=ActiveX  ACBP=A9
 0001:0000DCD8 00000460 C=CODE     S=.text    G=(none)   M=Consts   ACBP=A9
 0001:0000E138 0000093C C=CODE     S=.text    G=(none)   M=TypInfo  ACBP=A9
 0001:0000EA74 0000A1B7 C=CODE     S=.text    G=(none)   M=Classes  ACBP=A9
 0001:00018C2C 0000957B C=CODE     S=.text    G=(none)   M=Graphics ACBP=A9
 0001:000221A8 000001C4 C=CODE     S=.text    G=(none)   M=Contnrs  ACBP=A9
 0001:0002236C 00000198 C=CODE     S=.text    G=(none)   M=Commctrl ACBP=A9
 0001:00022504 00000793 C=CODE     S=.text    G=(none)   M=MultiMon ACBP=A9
 0001:00022C98 00000038 C=CODE     S=.text    G=(none)   M=Imm      ACBP=A9
 0001:00022CD0 00000048 C=CODE     S=.text    G=(none)   M=Math     ACBP=A9
 0001:00022D18 00000058 C=CODE     S=.text    G=(none)   M=WinSpool ACBP=A9
 0001:00022D70 00000CA0 C=CODE     S=.text    G=(none)   M=Printers ACBP=A9
 0001:00023A10 0000031F C=CODE     S=.text    G=(none)   M=FlatSB   ACBP=A9
 0001:00023D30 00005D44 C=CODE     S=.text    G=(none)   M=StdCtrls ACBP=A9
 0001:00029A74 000007C0 C=CODE     S=.text    G=(none)   M=Clipbrd  ACBP=A9
 0001:0002A234 0000015C C=CODE     S=.text    G=(none)   M=StdActns ACBP=A9
 0001:0002A390 0000F8B0 C=CODE     S=.text    G=(none)   M=Controls ACBP=A9
 0001:00039C40 00000FA4 C=CODE     S=.text    G=(none)   M=ActnList ACBP=A9
 0001:0003ABE4 00001A5C C=CODE     S=.text    G=(none)   M=ImgList  ACBP=A9
 0001:0003C640 000061FB C=CODE     S=.text    G=(none)   M=Menus    ACBP=A9
 0001:0004283C 0000C917 C=CODE     S=.text    G=(none)   M=Forms    ACBP=A9
 0001:0004F154 00000038 C=CODE     S=.text    G=(none)   M=ShellAPI ACBP=A9
 0001:0004F18C 00000038 C=CODE     S=.text    G=(none)   M=RegStr   ACBP=A9
 0001:0004F1C4 00000038 C=CODE     S=.text    G=(none)   M=WinInet  ACBP=A9
 0001:0004F1FC 00000038 C=CODE     S=.text    G=(none)   M=UrlMon   ACBP=A9
 0001:0004F234 00000038 C=CODE     S=.text    G=(none)   M=ShlObj   ACBP=A9
 0001:0004F26C 00000038 C=CODE     S=.text    G=(none)   M=CommDlg  ACBP=A9
 0001:0004F2A4 00003624 C=CODE     S=.text    G=(none)   M=ExtCtrls ACBP=A9
 0001:000528C8 00000038 C=CODE     S=.text    G=(none)   M=Dlgs     ACBP=A9
 0001:00052900 00000B01 C=CODE     S=.text    G=(none)   M=Dialogs  ACBP=A9
 0001:00053404 000002D0 C=CODE     S=.text    G=(none)   M=DbConsts ACBP=A9
 0001:000536D4 00002A48 C=CODE     S=.text    G=(none)   M=Mask     ACBP=A9
 0001:0005611C 00000058 C=CODE     S=.text    G=(none)   M=ComConst ACBP=A9
 0001:00056174 00001345 C=CODE     S=.text    G=(none)   M=ComObj   ACBP=A9
 0001:000574BC 000131BC C=CODE     S=.text    G=(none)   M=Db       ACBP=A9
 0001:0006A678 0000340C C=CODE     S=.text    G=(none)   M=DBCommon ACBP=A9
 0001:0006DA84 000000E0 C=CODE     S=.text    G=(none)   M=MidConst ACBP=A9
 0001:0006DB64 000003F8 C=CODE     S=.text    G=(none)   M=DSIntf   ACBP=A9
 0001:0006DF5C 0000009C C=CODE     S=.text    G=(none)   M=Midas    ACBP=A9
 0001:0006DFF8 00000FCC C=CODE     S=.text    G=(none)   M=DataBkr  ACBP=A9
 0001:0006EFC4 00000BEC C=CODE     S=.text    G=(none)   M=Provider ACBP=A9
 0001:0006FBB0 00009474 C=CODE     S=.text    G=(none)   M=DBClient ACBP=A9
 0001:00079024 00000C70 C=CODE     S=.text    G=(none)   M=IniFiles ACBP=A9
 0001:00079C94 00000068 C=CODE     S=.text    G=(none)   M=Registry ACBP=A9
 0001:00079CFC 00000470 C=CODE     S=.text    G=(none)   M=DBLogDlg ACBP=A9
 0001:0007A16C 000014D4 C=CODE     S=.text    G=(none)   M=MConnect ACBP=A9
 0001:0007B640 000000F8 C=CODE     S=.text    G=(none)   M=WinSock  ACBP=A9
 0001:0007B738 000001A4 C=CODE     S=.text    G=(none)   M=SyncObjs ACBP=A9
 0001:0007B8DC 00001D9C C=CODE     S=.text    G=(none)   M=ScktComp ACBP=A9
 0001:0007D678 00004AD0 C=CODE     S=.text    G=(none)   M=SConnect ACBP=A9
 0001:00082148 0000022C C=CODE     S=.text    G=(none)   M=StrUtils ACBP=A9
 0001:00082374 00000150 C=CODE     S=.text    G=(none)   M=DateUtil ACBP=A9
 0001:000824C4 00000038 C=CODE     S=.text    G=(none)   M=ObjBrkr  ACBP=A9
 0001:000824FC 00000D08 C=CODE     S=.text    G=(none)   M=PPD_DM   ACBP=A9
 0001:00083204 0000208D C=CODE     S=.text    G=(none)   M=Buttons  ACBP=A9
 0001:00085294 00000038 C=CODE     S=.text    G=(none)   M=Str16    ACBP=A9
 0001:000852CC 000005B8 C=CODE     S=.text    G=(none)   M=UnxCrypt ACBP=A9
 0001:00085884 00000048 C=CODE     S=.text    G=(none)   M=MaxMin   ACBP=A9
 0001:000858CC 00000098 C=CODE     S=.text    G=(none)   M=RXConst  ACBP=A9
 0001:00085964 00000038 C=CODE     S=.text    G=(none)   M=RXCConst ACBP=A9
 0001:0008599C 00000FB8 C=CODE     S=.text    G=(none)   M=VCLUtils ACBP=A9
 0001:00086954 00000038 C=CODE     S=.text    G=(none)   M=RxTimer  ACBP=A9
 0001:0008698C 0000005D C=CODE     S=.text    G=(none)   M=RxHook   ACBP=A9
 0001:000869EC 000069C8 C=CODE     S=.text    G=(none)   M=Grids    ACBP=A9
 0001:0008D3B4 00000038 C=CODE     S=.text    G=(none)   M=FileCtrl ACBP=A9
 0001:0008D3EC 00000038 C=CODE     S=.text    G=(none)   M=Gauges   ACBP=A9
 0001:0008D424 00000038 C=CODE     S=.text    G=(none)   M=RichEdit ACBP=A9
 0001:0008D45C 00000A8C C=CODE     S=.text    G=(none)   M=ToolWin  ACBP=A9
 0001:0008DEE8 00000040 C=CODE     S=.text    G=(none)   M=ComStrs  ACBP=A9
 0001:0008DF28 0000B3D0 C=CODE     S=.text    G=(none)   M=ComCtrls ACBP=A9
 0001:000992F8 00000044 C=CODE     S=.text    G=(none)   M=RxPrgrss ACBP=A9
 0001:0009933C 00000038 C=CODE     S=.text    G=(none)   M=FileUtil ACBP=A9
 0001:00099374 00000044 C=CODE     S=.text    G=(none)   M=AppUtils ACBP=A9
 0001:000993B8 00000050 C=CODE     S=.text    G=(none)   M=RXProps  ACBP=A9
 0001:00099408 00000038 C=CODE     S=.text    G=(none)   M=Placemnt ACBP=A9
 0001:00099440 000048B1 C=CODE     S=.text    G=(none)   M=RXCtrls  ACBP=A9
 0001:0009DCF4 00000050 C=CODE     S=.text    G=(none)   M=jconsts  ACBP=A9
 0001:0009DD44 00013840 C=CODE     S=.text    G=(none)   M=jpeg     ACBP=A9
 0001:000B1584 000003C8 C=CODE     S=.text    G=(none)   M=Splash   ACBP=A9
 0001:000B194C 0000045C C=CODE     S=.text    G=(none)   M=PSWrd    ACBP=A9
 0001:000B1DA8 00005BD8 C=CODE     S=.text    G=(none)   M=DBCtrls  ACBP=A9
 0001:000B7980 000098AC C=CODE     S=.text    G=(none)   M=DBGrids  ACBP=A9
 0001:000C122C 0000004C C=CODE     S=.text    G=(none)   M=spr_id   ACBP=A9
 0001:000C1278 0000014C C=CODE     S=.text    G=(none)   M=DTypes   ACBP=A9
 0001:000C13C4 00003E7C C=CODE     S=.text    G=(none)   M=Styles   ACBP=A9
 0001:000C5240 0000D9A8 C=CODE     S=.text    G=(none)   M=Objs     ACBP=A9
 0001:000D2BE8 00001C94 C=CODE     S=.text    G=(none)   M=Actors   ACBP=A9
 0001:000D487C 00002CEC C=CODE     S=.text    G=(none)   M=RXSpin   ACBP=A9
 0001:000D7568 00000038 C=CODE     S=.text    G=(none)   M=ExtDlgs  ACBP=A9
 0001:000D75A0 00000038 C=CODE     S=.text    G=(none)   M=PickDate ACBP=A9
 0001:000D75D8 00001FB4 C=CODE     S=.text    G=(none)   M=ToolEdit ACBP=A9
 0001:000D958C 00001CE8 C=CODE     S=.text    G=(none)   M=RxCalc   ACBP=A9
 0001:000DB274 00001AC4 C=CODE     S=.text    G=(none)   M=CurrEdit ACBP=A9
 0001:000DCD38 00000038 C=CODE     S=.text    G=(none)   M=RXDConst ACBP=A9
 0001:000DCD70 00000548 C=CODE     S=.text    G=(none)   M=DBUtils  ACBP=A9
 0001:000DD2B8 000016D0 C=CODE     S=.text    G=(none)   M=RXDBCtrl ACBP=A9
 0001:000DE988 00001510 C=CODE     S=.text    G=(none)   M=KNS_spr  ACBP=A9
 0001:000DFE98 00001104 C=CODE     S=.text    G=(none)   M=NS_spr   ACBP=A9
 0001:000E0F9C 00001A08 C=CODE     S=.text    G=(none)   M=VPP_spr  ACBP=A9
 0001:000E29A4 00001A10 C=CODE     S=.text    G=(none)   M=VRP_spr  ACBP=A9
 0001:000E43B4 00002294 C=CODE     S=.text    G=(none)   M=Catch_spr ACBP=A9
 0001:000E6648 00002820 C=CODE     S=.text    G=(none)   M=Pipe_spr ACBP=A9
 0001:000E8E68 00000D74 C=CODE     S=.text    G=(none)   M=Kust_spr ACBP=A9
 0001:000E9BDC 000004EC C=CODE     S=.text    G=(none)   M=Ask_chislo ACBP=A9
 0001:000EA0C8 00000888 C=CODE     S=.text    G=(none)   M=ClipIcon ACBP=A9
 0001:000EA950 000062E4 C=CODE     S=.text    G=(none)   M=RxLookup ACBP=A9
 0001:000F0C34 00001B48 C=CODE     S=.text    G=(none)   M=Pump_spr ACBP=A9
 0001:000F277C 0000870C C=CODE     S=.text    G=(none)   M=PPD_main ACBP=A9
 0001:000FAE88 000004D0 C=CODE     S=.text    G=(none)   M=PPD_draw ACBP=A9
 0002:00000000 00000106 C=DATA     S=.data    G=DGROUP   M=System   ACBP=A9
 0002:00000108 00000018 C=DATA     S=.data    G=DGROUP   M=SysInit  ACBP=A9
 0002:00000120 0000024C C=DATA     S=.data    G=DGROUP   M=SysUtils ACBP=A9
 0002:0000036C 00000020 C=DATA     S=.data    G=DGROUP   M=ActiveX  ACBP=A9
 0002:0000038C 00000010 C=DATA     S=.data    G=DGROUP   M=TypInfo  ACBP=A9
 0002:0000039C 00000084 C=DATA     S=.data    G=DGROUP   M=Classes  ACBP=A9
 0002:00000420 000002C0 C=DATA     S=.data    G=DGROUP   M=Graphics ACBP=A9
 0002:000006E0 00000004 C=DATA     S=.data    G=DGROUP   M=Printers ACBP=A9
 0002:000006E4 000000B0 C=DATA     S=.data    G=DGROUP   M=StdCtrls ACBP=A9
 0002:00000794 0000012C C=DATA     S=.data    G=DGROUP   M=Controls ACBP=A9
 0002:000008C0 00000020 C=DATA     S=.data    G=DGROUP   M=ImgList  ACBP=A9
 0002:000008E0 000000EC C=DATA     S=.data    G=DGROUP   M=Menus    ACBP=A9
 0002:000009CC 0000013C C=DATA     S=.data    G=DGROUP   M=Forms    ACBP=A9
 0002:00000B08 00000014 C=DATA     S=.data    G=DGROUP   M=ExtCtrls ACBP=A9
 0002:00000B1C 000000B0 C=DATA     S=.data    G=DGROUP   M=Dialogs  ACBP=A9
 0002:00000BCC 00000010 C=DATA     S=.data    G=DGROUP   M=Mask     ACBP=A9
 0002:00000BDC 0000002C C=DATA     S=.data    G=DGROUP   M=ComObj   ACBP=A9
 0002:00000C08 00000218 C=DATA     S=.data    G=DGROUP   M=Db       ACBP=A9
 0002:00000E20 0000001C C=DATA     S=.data    G=DGROUP   M=DBCommon ACBP=A9
 0002:00000E3C 00000010 C=DATA     S=.data    G=DGROUP   M=MidConst ACBP=A9
 0002:00000E4C 000000B8 C=DATA     S=.data    G=DGROUP   M=DSIntf   ACBP=A9
 0002:00000F04 0000002C C=DATA     S=.data    G=DGROUP   M=Provider ACBP=A9
 0002:00000F30 00000020 C=DATA     S=.data    G=DGROUP   M=DBClient ACBP=A9
 0002:00000F50 00000008 C=DATA     S=.data    G=DGROUP   M=IniFiles ACBP=A9
 0002:00000F58 00000008 C=DATA     S=.data    G=DGROUP   M=Registry ACBP=A9
 0002:00000F60 00000024 C=DATA     S=.data    G=DGROUP   M=SConnect ACBP=A9
 0002:00000F84 00000088 C=DATA     S=.data    G=DGROUP   M=Buttons  ACBP=A9
 0002:0000100C 00000400 C=DATA     S=.data    G=DGROUP   M=UnxCrypt ACBP=A9
 0002:0000140C 00000004 C=DATA     S=.data    G=DGROUP   M=VCLUtils ACBP=A9
 0002:00001410 00000020 C=DATA     S=.data    G=DGROUP   M=ToolWin  ACBP=A9
 0002:00001430 000000B0 C=DATA     S=.data    G=DGROUP   M=ComCtrls ACBP=A9
 0002:000014E0 00000004 C=DATA     S=.data    G=DGROUP   M=RxPrgrss ACBP=A9
 0002:000014E4 00000004 C=DATA     S=.data    G=DGROUP   M=AppUtils ACBP=A9
 0002:000014E8 00000004 C=DATA     S=.data    G=DGROUP   M=RXProps  ACBP=A9
 0002:000014EC 00000018 C=DATA     S=.data    G=DGROUP   M=RXCtrls  ACBP=A9
 0002:00001504 000008F8 C=DATA     S=.data    G=DGROUP   M=jpeg     ACBP=A9
 0002:00001DFC 00000044 C=DATA     S=.data    G=DGROUP   M=DBCtrls  ACBP=A9
 0002:00001E40 00000028 C=DATA     S=.data    G=DGROUP   M=DBGrids  ACBP=A9
 0002:00001E68 00000018 C=DATA     S=.data    G=DGROUP   M=RXSpin   ACBP=A9
 0002:00001E80 00000030 C=DATA     S=.data    G=DGROUP   M=ToolEdit ACBP=A9
 0002:00001EB0 00000262 C=DATA     S=.data    G=DGROUP   M=RxCalc   ACBP=A9
 0002:00002114 00000004 C=DATA     S=.data    G=DGROUP   M=CurrEdit ACBP=A9
 0002:00002118 00000004 C=DATA     S=.data    G=DGROUP   M=DBUtils  ACBP=A9
 0002:0000211C 00000024 C=DATA     S=.data    G=DGROUP   M=RXDBCtrl ACBP=A9
 0002:00002140 00000004 C=DATA     S=.data    G=DGROUP   M=RxLookup ACBP=A9
 0002:00003000 000004D0 C=BSS      S=.bss     G=DGROUP   M=System   ACBP=A9
 0002:000034D0 00000018 C=BSS      S=.bss     G=DGROUP   M=SysInit  ACBP=A9
 0002:000034E8 00000004 C=BSS      S=.bss     G=DGROUP   M=Windows  ACBP=A9
 0002:000034EC 00000004 C=BSS      S=.bss     G=DGROUP   M=Messages ACBP=A9
 0002:000034F0 00000004 C=BSS      S=.bss     G=DGROUP   M=SysConst ACBP=A9
 0002:000034F4 00000118 C=BSS      S=.bss     G=DGROUP   M=SysUtils ACBP=A9
 0002:0000360C 00000004 C=BSS      S=.bss     G=DGROUP   M=ActiveX  ACBP=A9
 0002:00003610 00000004 C=BSS      S=.bss     G=DGROUP   M=Consts   ACBP=A9
 0002:00003614 00000004 C=BSS      S=.bss     G=DGROUP   M=TypInfo  ACBP=A9
 0002:00003618 0000003C C=BSS      S=.bss     G=DGROUP   M=Classes  ACBP=A9
 0002:00003654 00000060 C=BSS      S=.bss     G=DGROUP   M=Graphics ACBP=A9
 0002:000036B4 00000004 C=BSS      S=.bss     G=DGROUP   M=Contnrs  ACBP=A9
 0002:000036B8 0000000C C=BSS      S=.bss     G=DGROUP   M=Commctrl ACBP=A9
 0002:000036C4 00000031 C=BSS      S=.bss     G=DGROUP   M=MultiMon ACBP=A9
 0002:000036F8 00000004 C=BSS      S=.bss     G=DGROUP   M=Imm      ACBP=A9
 0002:000036FC 00000004 C=BSS      S=.bss     G=DGROUP   M=Math     ACBP=A9
 0002:00003700 00000004 C=BSS      S=.bss     G=DGROUP   M=WinSpool ACBP=A9
 0002:00003704 00000004 C=BSS      S=.bss     G=DGROUP   M=Printers ACBP=A9
 0002:00003708 00000034 C=BSS      S=.bss     G=DGROUP   M=FlatSB   ACBP=A9
 0002:0000373C 00000004 C=BSS      S=.bss     G=DGROUP   M=StdCtrls ACBP=A9
 0002:00003740 0000000C C=BSS      S=.bss     G=DGROUP   M=Clipbrd  ACBP=A9
 0002:0000374C 00000004 C=BSS      S=.bss     G=DGROUP   M=StdActns ACBP=A9
 0002:00003750 00000070 C=BSS      S=.bss     G=DGROUP   M=Controls ACBP=A9
 0002:000037C0 00000004 C=BSS      S=.bss     G=DGROUP   M=ActnList ACBP=A9
 0002:000037C4 00000004 C=BSS      S=.bss     G=DGROUP   M=ImgList  ACBP=A9
 0002:000037C8 00000010 C=BSS      S=.bss     G=DGROUP   M=Menus    ACBP=A9
 0002:000037D8 00000024 C=BSS      S=.bss     G=DGROUP   M=Forms    ACBP=A9
 0002:000037FC 00000004 C=BSS      S=.bss     G=DGROUP   M=ShellAPI ACBP=A9
 0002:00003800 00000004 C=BSS      S=.bss     G=DGROUP   M=RegStr   ACBP=A9
 0002:00003804 00000004 C=BSS      S=.bss     G=DGROUP   M=WinInet  ACBP=A9
 0002:00003808 00000004 C=BSS      S=.bss     G=DGROUP   M=UrlMon   ACBP=A9
 0002:0000380C 00000004 C=BSS      S=.bss     G=DGROUP   M=ShlObj   ACBP=A9
 0002:00003810 00000004 C=BSS      S=.bss     G=DGROUP   M=CommDlg  ACBP=A9
 0002:00003814 00000004 C=BSS      S=.bss     G=DGROUP   M=ExtCtrls ACBP=A9
 0002:00003818 00000004 C=BSS      S=.bss     G=DGROUP   M=Dlgs     ACBP=A9
 0002:0000381C 00000038 C=BSS      S=.bss     G=DGROUP   M=Dialogs  ACBP=A9
 0002:00003854 00000004 C=BSS      S=.bss     G=DGROUP   M=DbConsts ACBP=A9
 0002:00003858 00000004 C=BSS      S=.bss     G=DGROUP   M=Mask     ACBP=A9
 0002:0000385C 00000004 C=BSS      S=.bss     G=DGROUP   M=ComConst ACBP=A9
 0002:00003860 00000011 C=BSS      S=.bss     G=DGROUP   M=ComObj   ACBP=A9
 0002:00003874 00000004 C=BSS      S=.bss     G=DGROUP   M=Db       ACBP=A9
 0002:00003878 00000004 C=BSS      S=.bss     G=DGROUP   M=DBCommon ACBP=A9
 0002:0000387C 00000004 C=BSS      S=.bss     G=DGROUP   M=MidConst ACBP=A9
 0002:00003880 00000020 C=BSS      S=.bss     G=DGROUP   M=DSIntf   ACBP=A9
 0002:000038A0 00000004 C=BSS      S=.bss     G=DGROUP   M=Midas    ACBP=A9
 0002:000038A4 00000004 C=BSS      S=.bss     G=DGROUP   M=DataBkr  ACBP=A9
 0002:000038A8 00000004 C=BSS      S=.bss     G=DGROUP   M=Provider ACBP=A9
 0002:000038AC 00000004 C=BSS      S=.bss     G=DGROUP   M=DBClient ACBP=A9
 0002:000038B0 00000004 C=BSS      S=.bss     G=DGROUP   M=IniFiles ACBP=A9
 0002:000038B4 00000004 C=BSS      S=.bss     G=DGROUP   M=Registry ACBP=A9
 0002:000038B8 00000004 C=BSS      S=.bss     G=DGROUP   M=DBLogDlg ACBP=A9
 0002:000038BC 00000004 C=BSS      S=.bss     G=DGROUP   M=MConnect ACBP=A9
 0002:000038C0 00000004 C=BSS      S=.bss     G=DGROUP   M=WinSock  ACBP=A9
 0002:000038C4 00000004 C=BSS      S=.bss     G=DGROUP   M=SyncObjs ACBP=A9
 0002:000038C8 00000194 C=BSS      S=.bss     G=DGROUP   M=ScktComp ACBP=A9
 0002:00003A5C 00000018 C=BSS      S=.bss     G=DGROUP   M=SConnect ACBP=A9
 0002:00003A74 00000004 C=BSS      S=.bss     G=DGROUP   M=StrUtils ACBP=A9
 0002:00003A78 00000008 C=BSS      S=.bss     G=DGROUP   M=DateUtil ACBP=A9
 0002:00003A80 00000004 C=BSS      S=.bss     G=DGROUP   M=ObjBrkr  ACBP=A9
 0002:00003A84 0000002C C=BSS      S=.bss     G=DGROUP   M=PPD_DM   ACBP=A9
 0002:00003AB0 00000030 C=BSS      S=.bss     G=DGROUP   M=Buttons  ACBP=A9
 0002:00003AE0 00000004 C=BSS      S=.bss     G=DGROUP   M=Str16    ACBP=A9
 0002:00003AE4 00000004 C=BSS      S=.bss     G=DGROUP   M=UnxCrypt ACBP=A9
 0002:00003AE8 00000004 C=BSS      S=.bss     G=DGROUP   M=MaxMin   ACBP=A9
 0002:00003AEC 00000004 C=BSS      S=.bss     G=DGROUP   M=RXConst  ACBP=A9
 0002:00003AF0 00000004 C=BSS      S=.bss     G=DGROUP   M=RXCConst ACBP=A9
 0002:00003AF4 00000004 C=BSS      S=.bss     G=DGROUP   M=VCLUtils ACBP=A9
 0002:00003AF8 00000004 C=BSS      S=.bss     G=DGROUP   M=RxTimer  ACBP=A9
 0002:00003AFC 00000008 C=BSS      S=.bss     G=DGROUP   M=RxHook   ACBP=A9
 0002:00003B04 00000004 C=BSS      S=.bss     G=DGROUP   M=Grids    ACBP=A9
 0002:00003B08 00000004 C=BSS      S=.bss     G=DGROUP   M=FileCtrl ACBP=A9
 0002:00003B0C 00000004 C=BSS      S=.bss     G=DGROUP   M=Gauges   ACBP=A9
 0002:00003B10 00000004 C=BSS      S=.bss     G=DGROUP   M=RichEdit ACBP=A9
 0002:00003B14 00000004 C=BSS      S=.bss     G=DGROUP   M=ToolWin  ACBP=A9
 0002:00003B18 00000004 C=BSS      S=.bss     G=DGROUP   M=ComStrs  ACBP=A9
 0002:00003B1C 00000034 C=BSS      S=.bss     G=DGROUP   M=ComCtrls ACBP=A9
 0002:00003B50 00000004 C=BSS      S=.bss     G=DGROUP   M=RxPrgrss ACBP=A9
 0002:00003B54 00000004 C=BSS      S=.bss     G=DGROUP   M=FileUtil ACBP=A9
 0002:00003B58 00000004 C=BSS      S=.bss     G=DGROUP   M=AppUtils ACBP=A9
 0002:00003B5C 00000004 C=BSS      S=.bss     G=DGROUP   M=RXProps  ACBP=A9
 0002:00003B60 00000004 C=BSS      S=.bss     G=DGROUP   M=Placemnt ACBP=A9
 0002:00003B64 00000004 C=BSS      S=.bss     G=DGROUP   M=RXCtrls  ACBP=A9
 0002:00003B68 00000004 C=BSS      S=.bss     G=DGROUP   M=jconsts  ACBP=A9
 0002:00003B6C 00000004 C=BSS      S=.bss     G=DGROUP   M=jpeg     ACBP=A9
 0002:00003B70 00000008 C=BSS      S=.bss     G=DGROUP   M=Splash   ACBP=A9
 0002:00003B78 00000010 C=BSS      S=.bss     G=DGROUP   M=PSWrd    ACBP=A9
 0002:00003B88 00000004 C=BSS      S=.bss     G=DGROUP   M=DBCtrls  ACBP=A9
 0002:00003B8C 0000000C C=BSS      S=.bss     G=DGROUP   M=DBGrids  ACBP=A9
 0002:00003B98 00000024 C=BSS      S=.bss     G=DGROUP   M=spr_id   ACBP=A9
 0002:00003BBC 00000004 C=BSS      S=.bss     G=DGROUP   M=DTypes   ACBP=A9
 0002:00003BC0 00000004 C=BSS      S=.bss     G=DGROUP   M=Styles   ACBP=A9
 0002:00003BC4 0000000C C=BSS      S=.bss     G=DGROUP   M=Objs     ACBP=A9
 0002:00003BD0 00000004 C=BSS      S=.bss     G=DGROUP   M=Actors   ACBP=A9
 0002:00003BD4 00000004 C=BSS      S=.bss     G=DGROUP   M=RXSpin   ACBP=A9
 0002:00003BD8 00000004 C=BSS      S=.bss     G=DGROUP   M=ExtDlgs  ACBP=A9
 0002:00003BDC 00000004 C=BSS      S=.bss     G=DGROUP   M=PickDate ACBP=A9
 0002:00003BE0 00000004 C=BSS      S=.bss     G=DGROUP   M=ToolEdit ACBP=A9
 0002:00003BE4 00000004 C=BSS      S=.bss     G=DGROUP   M=RxCalc   ACBP=A9
 0002:00003BE8 00000004 C=BSS      S=.bss     G=DGROUP   M=CurrEdit ACBP=A9
 0002:00003BEC 00000004 C=BSS      S=.bss     G=DGROUP   M=RXDConst ACBP=A9
 0002:00003BF0 00000004 C=BSS      S=.bss     G=DGROUP   M=DBUtils  ACBP=A9
 0002:00003BF4 00000004 C=BSS      S=.bss     G=DGROUP   M=RXDBCtrl ACBP=A9
 0002:00003BF8 00000030 C=BSS      S=.bss     G=DGROUP   M=KNS_spr  ACBP=A9
 0002:00003C28 00000030 C=BSS      S=.bss     G=DGROUP   M=NS_spr   ACBP=A9
 0002:00003C58 00000034 C=BSS      S=.bss     G=DGROUP   M=VPP_spr  ACBP=A9
 0002:00003C8C 00000034 C=BSS      S=.bss     G=DGROUP   M=VRP_spr  ACBP=A9
 0002:00003CC0 0000003C C=BSS      S=.bss     G=DGROUP   M=Catch_spr ACBP=A9
 0002:00003CFC 00000044 C=BSS      S=.bss     G=DGROUP   M=Pipe_spr ACBP=A9
 0002:00003D40 00000030 C=BSS      S=.bss     G=DGROUP   M=Kust_spr ACBP=A9
 0002:00003D70 00000018 C=BSS      S=.bss     G=DGROUP   M=Ask_chislo ACBP=A9
 0002:00003D88 00000008 C=BSS      S=.bss     G=DGROUP   M=ClipIcon ACBP=A9
 0002:00003D90 00000004 C=BSS      S=.bss     G=DGROUP   M=RxLookup ACBP=A9
 0002:00003D94 00000038 C=BSS      S=.bss     G=DGROUP   M=Pump_spr ACBP=A9
 0002:00003DCC 00000008 C=BSS      S=.bss     G=DGROUP   M=PPD_main ACBP=A9


  Address         Publics by Name

 0002:000000C4       .
 0002:00001610       .
 0001:000A0A5C       .
 0001:000A04F4       .
 0001:000A241C       .
 0002:00001590       .
 0002:00001580       .
 0001:0009F894       .
 0001:000A1650       .
 0001:000B0910       .
 0001:000A2EAC       .
 0001:0000D108       .
 0001:000058A0       .
 0001:00005D0C       .
 0001:000A3498       .
 0001:000A3A44       .
 0002:00001690       .
 0001:000AF4A8       .
 0002:00001D3C       .
 0001:000AEF28       .
 0001:000AE600       .
 0001:000A469C       .
 0001:000ADF78       .
 0001:000AD748       .
 0001:000A59A4       .
 0001:000AD20C       .
 0001:000AD0B0       .
 0001:000A607C       .
 0001:000A7118       .
 0001:000A740C       .
 0002:0000179C       .
 0001:000AC578       .
 0001:000ABD8C       .
 0001:000A76F8       .
 0001:000A91B0       .
 0001:000A0F1C       .
 0002:0000199C       .
 0001:000AAF00       .
 0001:000AADEC       .
 0002:00003B64       .01
 0002:0000381C       .01
 0002:0000374C       .02
 0002:00003BDC       .1
 0002:00003D8C       .1
 0002:000037FC       .1
 0002:00003B68       .1
 0002:000034F0       .1
 0002:000034EC       .1
 0002:00003B50       .1
 0002:00003728       .1
 0002:00003AE0       .1
 0002:000038C0       .1
 0002:00003B54       .1
 0002:00003800       .1
 0002:00003AE4       .1
 0002:00003B18       .1
 0002:00003804       .1
 0002:00003AE8       .1
 0002:000036B8       .1
 0002:00003AEC       .1
 0002:00003B10       .1
 0002:00003B58       .1
 0002:00003808       .1
 0002:00003BEC       .1
 0002:000036E4       .1
 0002:0000380C       .1
 0002:00003810       .1
 0002:00003AF0       .1
 0002:00003818       .1
 0002:00003854       .1
 0002:00003610       .1
 0002:0000385C       .1
 0002:000036F8       .1
 0002:000038A0       .1
 0002:00003BBC       .1
 0002:0000387C       .1
 0002:000034E0       .1
 0002:00003A74       .1
 0002:00003A7C       .1
 0002:00003BE0       .11
 0002:00003A6C       .11
 0002:000038AC       .11
 0002:00003874       .16
 0002:00003AF8       .2
 0002:00003D00       .2
 0002:00003BFC       .2
 0002:00003C2C       .2
 0002:00003AFC       .2
 0002:00003D98       .2
 0002:00003B84       .2
 0002:00003CC4       .2
 0002:00003C5C       .2
 0002:00003C90       .2
 0002:000038B8       .2
 0002:00003B74       .2
 0002:00003B0C       .2
 0002:00003AF4       .2
 0002:00003D44       .2
 0002:00003D84       .2
 0002:00003DD0       .2
 0002:00003744       .2
 0002:00003AAC       .2
 0002:00003880       .2
 0002:00003B98       .2
 0002:000036FC       .2
 0002:00003BF0       .2
 0002:00003B88       .22
 0002:00003758       .22
 0002:0000373C       .22
 0002:000037C4       .3
 0002:00003BE4       .3
 0002:000034E8       .3
 0002:0000360C       .3
 0002:0000342C       .3
 0002:00003BD4       .3
 0002:00003704       .3
 0002:00003700       .3
 0002:00003878       .3
 0002:000038A4       .3
 0002:00003B6C       .3
 0002:00003AB0       .3
 0002:00003B5C       .3
 0002:00003BD8       .3
 0002:00003B14       .4
 0002:000038B0       .4
 0002:000038C8       .41
 0002:000035FC       .44
 0002:00003B1C       .45
 0002:00003BE8       .5
 0002:00003B08       .5
 0002:00003614       .5
 0002:000038B4       .5
 0002:00003A80       .5
 0002:00003BCC       .51
 0002:000037E0       .51
 0002:000038A8       .51
 0002:00003BD0       .6
 0002:00003858       .6
 0002:000038C4       .6
 0002:00003BF4       .6
 0002:00003814       .61
 0002:00003860       .61
 0002:00003BC0       .7
 0002:000037C0       .7
 0002:000038BC       .7
 0002:00003B60       .7
 0002:00003658       .81
 0002:00003620       .84
 0002:000036B4       .9
 0002:00003B8C       .9
 0002:000037D0       .9
 0002:00003D90       .9
 0002:00003B04       .9
 0001:00001AB0       @AbstractError
 0001:000023CC       @AfterConstruction
 0001:00005D55       @Append
 0001:000021C4       @AsClass
 0001:00005AA2       @Assign
 0001:00001BCC       @AStrCmp
 0001:000023D4       @BeforeDestruction
 0001:00001F6C       @BoundErr
 0001:00002210       @CallDynaInst
 0001:00005874       @CheckAutoResult
 0001:00002374       @ClassCreate
 0001:000023C4       @ClassDestroy
 0001:00005B44       @Close
 0001:000018E8       @Copy
 0001:00003AA8       @CopyArray
 0001:0000398C       @CopyRecord
 0001:00001A68       @COS
 0001:00003D28       @DispInvoke
 0001:00003D30       @DispInvokeError
 0001:00003BB0       @Dispose
 0001:000028FC       @DoneExcept
 0001:0000519C       @DynArrayAddRef
 0001:00005174       @DynArrayAsg
 0001:00005138       @DynArrayClear
 0001:00004F78       @DynArrayHigh
 0001:00004F70       @DynArrayLength
 0001:0000512C       @DynArraySetLength
 0001:000029F0       @ExceptionHandler
 0001:00001C3C       @FillChar
 0001:00003980       @Finalize
 0001:00003898       @FinalizeArray
 0001:0000386C       @FinalizeRecord
 0001:00002228       @FindDynaInst
 0001:00005B1D       @Flush
 0001:00001F60       @FpuInit
 0001:00001E9C       @FpuMaskInit
 0001:00001800       @FreeMem
 0001:000017E8       @GetMem
 0001:00006628       @GetTls
 0001:00002DA4       @Halt
 0001:00002C84       @Halt0
 0001:000024E0       @HandleAnyException
 0001:000027CC       @HandleAutoException
 0001:00002794       @HandleFinally
 0001:0000260C       @HandleOnException
 0001:000066B8       @InitExe
 0001:00003860       @Initialize
 0001:000037CC       @InitializeArray
 0001:000037A0       @InitializeRecord
 0001:00002BE0       @InitImports
 0001:00002BC4       @InitResStringImports
 0001:000057D8       @IntfAddRef
 0001:000057AC       @IntfCast
 0001:00005778       @IntfClear
 0001:00005790       @IntfCopy
 0001:00005890       @IntfDispCall
 0001:00001F74       @IntOver
 0001:000021AC       @IsClass
 0001:00001E6C       @isNECWindows
 0001:000AAD60       @jcopy_block_row
 0001:000AAD14       @jcopy_sample_rows
 0001:000A4608       @jinit_1pass_quantizer
 0001:000A5884       @jinit_2pass_quantizer
 0001:000AE3B4       @jinit_color_converter
 0001:000A3878       @jinit_color_deconverter
 0001:000ABCDC       @jinit_compress_master
 0001:000ADEB0       @jinit_c_coef_controller
 0001:000AD188       @jinit_c_main_controller
 0001:000ACFE8       @jinit_c_master_control
 0001:000AD6A0       @jinit_c_prep_controller
 0001:000AEDA0       @jinit_downsampler
 0001:000A7004       @jinit_d_coef_controller
 0001:000A5F9C       @jinit_d_main_controller
 0001:000A7378       @jinit_d_post_controller
 0001:000AF418       @jinit_forward_dct
 0001:000A2E6C       @jinit_huff_decoder
 0001:000B1450       @jinit_huff_encoder
 0001:000A0A14       @jinit_input_controller
 0001:000A767C       @jinit_inverse_dct
 0001:000AAC90       @jinit_marker_reader
 0001:000AC52C       @jinit_marker_writer
 0001:000A1618       @jinit_master_decompress
 0001:000A03C4       @jinit_memory_mgr
 0001:000A3418       @jinit_merged_upsampler
 0001:000A23A8       @jinit_phuff_decoder
 0001:000AFF50       @jinit_phuff_encoder
 0001:000A7BDC       @jinit_upsampler
 0001:000AAD70       @jpeg_abort
 0001:000AADD4       @jpeg_alloc_huff_table
 0001:000AADBC       @jpeg_alloc_quant_table
 0001:000B05E4       @jpeg_fdct_float
 0001:000B0378       @jpeg_fdct_ifast
 0001:000AFF94       @jpeg_fdct_islow
 0001:000A2754       @jpeg_fill_bit_buffer
 0001:000A04C8       @jpeg_free_large
 0001:000A04B8       @jpeg_free_small
 0001:000B1194       @jpeg_gen_optimal_table
 0001:000A04C0       @jpeg_get_large
 0001:000A04B0       @jpeg_get_small
 0001:000A2864       @jpeg_huff_decode
 0001:000A9174       @jpeg_idct_1x1
 0001:000A8F98       @jpeg_idct_2x2
 0001:000A8C04       @jpeg_idct_4x4
 0001:000A7DF4       @jpeg_idct_float
 0001:000A8224       @jpeg_idct_ifast
 0001:000A8630       @jpeg_idct_islow
 0001:000B0ADC       @jpeg_make_c_derived_tbl
 0001:000A253C       @jpeg_make_d_derived_tbl
 0001:000A04D0       @jpeg_mem_available
 0001:000A04EC       @jpeg_mem_init
 0001:000A04F0       @jpeg_mem_term
 0001:000A04DC       @jpeg_open_backing_store
 0001:000AAB64       @jpeg_resync_to_restart
 0001:000ABB10       @jpeg_suppress_tables
 0001:000AACFC       @jround_up
 0001:00003274       @LStrAddRef
 0001:00002E64       @LStrArrayClr
 0001:00002E94       @LStrAsg
 0001:000030C8       @LStrCat
 0001:0000310C       @LStrCat3
 0001:00003180       @LStrCatN
 0001:00002E40       @LStrClr
 0001:000031D0       @LStrCmp
 0001:000032C8       @LStrCopy
 0001:00003308       @LStrDelete
 0001:00003070       @LStrFromArray
 0001:00002FE8       @LStrFromChar
 0001:00002FF8       @LStrFromPChar
 0001:00002F28       @LStrFromPCharLen
 0001:00003028       @LStrFromPWChar
 0001:00002F58       @LStrFromPWCharLen
 0001:00003064       @LStrFromString
 0001:00003088       @LStrFromWStr
 0001:00003350       @LStrInsert
 0001:00002ED8       @LStrLAsg
 0001:000030C0       @LStrLen
 0001:000033AC       @LStrPos
 0001:000033F4       @LStrSetLength
 0001:00003284       @LStrToPChar
 0001:0000309C       @LStrToString
 0001:00003B9C       @New
 0001:00002F04       @NewAnsiString
 0001:000036F8       @NewWideString
 0001:000044E0       @OleVarFromLStr
 0001:00004568       @OleVarFromVar
 0001:00005EF4       @Pow10
 0001:00001B48       @PStrCmp
 0001:00001AFC       @PStrCpy
 0001:00001ACC       @PStrNCat
 0001:00001B18       @PStrNCpy
 0001:000028A8       @RaiseAgain
 0001:0000288C       @RaiseExcept
 0001:00005B80       @ReadChar
 0001:00005C57       @ReadCString
 0001:00005CE4       @ReadLn
 0001:00005BF4       @ReadLong
 0001:00003480       @ReadLString
 0001:00005C4C       @ReadString
 0001:00001818       @ReallocMem
 0001:00005D47       @ResetText
 0001:00005D4E       @RewritText
 0001:00001A88       @ROUND
 0001:00002DB0       @RunError
 0001:00005D5C       @SeekEof
 0001:00001A54       @SetLength
 0001:00001E00       @SetRange
 0001:00001E58       @SetUnion
 0001:00001A78       @SIN
 0001:00002B94       @StartExe
 0001:00004D30       @Str0Int64
 0001:00001CBC       @Str0Long
 0001:00004C70       @StrInt64
 0001:00001C5C       @StrLong
 0001:00001A94       @TRUNC
 0001:0000292C       @TryFinallyExit
 0001:00004D4C       @ValInt64
 0001:00001CC8       @ValLong
 0001:000047F0       @VarAddRef
 0001:00004AD8       @VarArrayGet
 0001:00004B6C       @VarArrayPut
 0001:000049B0       @VarArrayRedim
 0001:00003FA0       @VarCast
 0001:00003D48       @VarClear
 0001:000047E8       @VarClr
 0001:000046D8       @VarCmp
 0001:00003D8C       @VarCopy
 0001:0000436C       @VarFromBool
 0001:000043BC       @VarFromCurr
 0001:000044BC       @VarFromDisp
 0001:00004354       @VarFromInt
 0001:00004498       @VarFromIntf
 0001:00004424       @VarFromLStr
 0001:000043D4       @VarFromPStr
 0001:0000438C       @VarFromReal
 0001:000043A4       @VarFromTDateTime
 0001:00004464       @VarFromWStr
 0001:00004100       @VarToBool
 0001:00004190       @VarToCurr
 0001:00004324       @VarToDisp
 0001:00004094       @VarToInt
 0001:000042D0       @VarToIntf
 0001:000041EC       @VarToLStr
 0001:00004134       @VarToReal
 0001:00004228       @VarToWStr
 0001:00005E5B       @Write0Char
 0001:00005EC4       @Write0CString
 0001:00001DBC       @Write0Long
 0001:00003458       @Write0LString
 0001:00005E20       @Write0String
 0001:00005D7C       @WriteBytes
 0001:00005EAD       @WriteChar
 0001:00005EC8       @WriteCString
 0001:00005E47       @WriteLn
 0001:00001D94       @WriteLong
 0001:00003460       @WriteLString
 0001:00005DE7       @WriteSpaces
 0001:00005E2A       @WriteString
 0001:0000351C       @WStrArrayClr
 0001:00003540       @WStrAsg
 0001:00003504       @WStrClr
 0001:00003674       @WStrCmp
 0001:00003710       @WStrCopy
 0001:00003648       @WStrFromLStr
 0001:00003564       @WStrFromPCharLen
 0001:0000360C       @WStrFromPWChar
 0001:000035E8       @WStrFromPWCharLen
 0001:00003668       @WStrLen
 0001:0000375C       @WStrSetLength
 0001:00003658       @WStrToPWChar
 0001:00001DDC       @_CLenToPasStr
 0001:00001DC4       @_CToPasStr
 0001:00005AF8       @_Flush
 0001:000018B8       @_IOTest
 0001:0000620E       @_lldiv
 0001:00006286       @_lldivo
 0001:00006301       @_llmod
 0001:0000637B       @_llmodo
 0001:000061C8       @_llmul
 0001:000061EB       @_llmulo
 0001:000063FB       @_llshl
 0001:000062B8       @_lludiv
 0001:000063AD       @_llumod
 0001:00006433       @_llushr
 0001:0000B7D0       Abort
 0001:0002CB78       AbsMin
 0001:0000BBC8       AbstractErrorHandler
 0002:0000301C       AbstractErrorProc
 0002:0000019C       AccessMode
 0001:00006C4C       ActivateKeyboardLayout
 0002:00003780       ActiveDrag
 0001:0000DCD0       ActiveX
 0001:0003ABDC       ActnList
 0001:000D4874       Actors
 0001:00000520       AddBlockAfter
 0001:0000835C       AddExitProc
 0001:0005E19C       AddFieldDefs
 0001:000BBC60       AddFields
 0001:0005E3F8       AddFields
 0001:000137A8       AddFinished
 0001:0003E148       AddIn
 0001:000055B4       AddModuleUnloadProc
 0001:000055C4       AddModuleUnloadProc
 0001:000137E0       AddNotFinished
 0001:00077FD8       AddSQLExprAttr
 0001:000177B0       AddThread
 0001:000CBAE0       AdjEH
 0001:0001C9A4       AdjustColor
 0001:00051C24       AdjustColors
 0001:00068BF0       AdjustFirstRecord
 0001:00045738       Adjustment
 0001:00006C54       AdjustWindowRectEx
 0001:00077090       AggValueAsVariant
 0001:0000CA34       AL1
 0002:00000354       AL1s
 0001:0000CA44       AL2
 0002:00000360       AL2s
 0002:00001E44       AlignFlags
 0002:00000740       Alignments
 0002:000006EC       Alignments
 0002:000014EC       Alignments
 0002:00001E98       Alignments
 0002:00000B10       Alignments
 0002:000009A4       Alignments
 0002:000009B4       Alignments
 0002:00000730       Alignments
 0002:00001E68       Alignments
 0002:00001DFC       AlignStyle
 0002:00001E80       AlignStyle
 0001:0004C6E8       AlignWork
 0001:00031B20       AlignWork
 0001:00045164       AllocateHWnd
 0001:00017728       AllocateWindow
 0001:00008310       AllocMem
 0002:00003424       AllocMemCount
 0002:00003428       AllocMemSize
 0001:00021FA0       AllocPatternBitmap
 0001:0000CAB0       ALR
 0001:0000CA5C       ALV
 0001:000166C0       AncestorValid
 0002:0000079C       AnchorAlign
 0001:00008578       AnsiCompareStr
 0001:000085B0       AnsiCompareText
 0001:000089A8       AnsiLastChar
 0001:00006C5C       AnsiLower
 0001:00008544       AnsiLowerCase
 0001:0000C38C       AnsiLowerCaseFileName
 0001:0000C354       AnsiPos
 0001:00042670       AnsiSameCaption
 0001:000085E8       AnsiSameText
 0001:00008624       AnsiStrLIComp
 0001:0000C418       AnsiStrPos
 0001:0000C4B8       AnsiStrRScan
 0001:0000C4E0       AnsiStrScan
 0001:00008510       AnsiUpperCase
 0001:00003E28       AnyChangeType
 0001:0000463C       AnyCmp
 0001:00004260       AnyToIntf
 0001:00009AC8       AppendChars
 0001:00009E90       AppendFormat
 0001:00009B2C       AppendNumber
 0001:00009B0C       AppendString
 0002:000037D8       Application
 0001:000993B0       AppUtils
 0002:00000B00       AppVisible
 0002:00000BD8       ArrowKey
 0001:000EA0C0       Ask_chislo
 0001:000E9DCC       Ask_Integer
 0001:000E9E44       Ask_real
 0001:0000BBAC       AssertErrorHandler
 0002:00003018       AssertErrorProc
 0001:0008599C       AssignBitmapCell
 0001:0000E564       AssignLongStr
 0001:000083E0       AssignStr
 0001:0000E8AC       AssignVariant
 0001:0000E5F8       AssignWideStr
 0002:00000F4C       Attr
 0001:0005EEA4       AttributeSetStored
 0002:00003478       avail
 0001:00008ADC       BackfillGetDiskFreeSpaceEx
 0001:0002F4A4       BackgroundClipped
 0002:00001498       BandBorderStyles
 0002:00000DFC       BaseFieldTypes
 0002:0000006C       BaseTypeMap
 0001:0005CD88       BCDToCurr
 0001:00006C64       BeginDeferWindowPos
 0001:00010738       BeginGlobalLoading
 0001:00006C6C       BeginPaint
 0001:00002DF4       BeginThread
 0001:0001C9B0       BetterSize
 0001:00051540       BevelLine
 0001:00051450       BevelRect
 0001:0003EED8       BiDiDraw
 0001:0007B658       bind
 0001:0000699C       BitBlt
 0002:00000FB0       BitBtnCaptions
 0002:00003AB4       BitBtnGlyphs
 0002:00000FDC       BitBtnModalResults
 0002:00000F84       BitBtnResNames
 0002:00000694       BitCounts
 0002:0000068C       BitmapCanvasList
 0002:00003670       BitmapImageLock
 0002:00000ED0       BlobTypeMap
 0002:000009E8       BlockCode
 0002:00003450       blockDescBlockList
 0002:00003454       blockDescFreeList
 0002:0000038C       BooleanIdents
 0002:00000E28       BoolFalse
 0002:00000B08       BorderStyles
 0002:000014B8       BorderStyles
 0002:000006E4       BorderStyles
 0002:00000A58       BorderStyles
 0001:00010044       Bounds
 0002:0000094C       Breaks
 0002:000014C0       BreakStyles
 0002:000036A8       BrushManager
 0002:00002080       BtnCaptions
 0001:000D97A4       BtnColor
 0002:000020C0       BtnGlyphs
 0002:00001E14       BtnHintId
 0002:00001EB0       BtnPos
 0001:0005CCE8       BuffersEqual
 0001:00068360       BufferToByteArray
 0001:00086FE0       Build
 0001:0009EA18       BuildColorMap
 0001:0004145C       BuildImage
 0001:0009E970       BuildPalette
 0002:00000B74       ButtonCaptions
 0002:00001500       ButtonCount
 0002:00000B48       ButtonNames
 0001:0008526C       Buttons
 0002:000009C8       Buttons
 0002:00001458       ButtonStates
 0002:00000728       ButtonStyles
 0002:00001468       ButtonStyles
 0002:00003828       ButtonWidths
 0001:00068418       ByteArrayToBuffer
 0001:0001C190       BytesPerScanline
 0001:0001C4E8       ByteSwapColors
 0001:0000C1CC       ByteToCharIndex
 0001:0000C1A4       ByteToCharLen
 0001:0000C168       ByteType
 0001:0000C0F0       ByteTypeTest
 0002:00003C50       b_x
 0002:00003D68       b_x
 0002:00003C20       b_x
 0002:00003C24       b_y
 0002:00003C54       b_y
 0002:00003D6C       b_y
 0002:00000398       C10000
 0002:000000C0       C10000
 0001:0008A060       CalcAxis
 0001:00089394       CalcAxis
 0001:000895D0       CalcAxisState
 0002:00002114       CalcBitmap
 0001:00089418       CalcFixedAxis
 0001:000450A0       CalcJmpOffset
 0001:0008952C       CalcMaxCell
 0001:0008B500       CalcPageExtents
 0001:0008ADFC       CalcScroll
 0001:0008A464       CalcScrollBar
 0001:00094DB8       CalcSize
 0001:0008B160       CalcSizeInfo
 0001:00038F84       CalcSplitterPos
 0001:00063CB8       CalcTotalSize
 0001:0005EEE4       CalculatedStored
 0001:00006C74       CallNextHookEx
 0001:0000C9F8       CallTerminateProcs
 0001:00006C7C       CallWindowProc
 0001:0002DAF0       CancelDrag
 0001:00069900       CancelNestedDataSets
 0002:00003790       CanvasList
 0002:000036AC       CanvasList
 0002:00000B20       Captions
 0002:00000854       CaptureControl
 0002:00001EA4       CaretWidth
 0001:000E46F8       CatchToDB
 0001:000E6640       Catch_spr
 0002:00000E3C       CATID_MIDASAppServer
 0002:000008EC       cBooleanToItemAutoFlag
 0002:00003742       CF_COMPONENT
 0002:00003D88       CF_ICON
 0002:00003740       CF_PICTURE
 0002:000033EC       ChangeAnyProc
 0001:0002C224       ChangeBiDiModeAlignment
 0001:00003E94       ChangeSourceAny
 0002:0000070C       CharCases
 0001:00006C84       CharLowerBuff
 0001:000002FC       CharNext
 0001:0001A490       CharsetToIdent
 0001:0000C290       CharToByteIndex
 0001:0000C2F4       CharToByteLen
 0001:00006C8C       CharUpperBuff
 0001:0001CF78       CheckBool
 0001:00090BFC       CheckCommonControl
 0001:0006DBC0       CheckDbClient
 0001:0007C4F8       CheckError
 0001:000BE8DC       CheckForPassthroughs
 0001:0000245C       CheckJmp
 0001:00006C94       CheckMenuItem
 0001:00068820       CheckNestedBrowseMode
 0001:00074364       CheckNotChanged
 0001:00074F5C       CheckOption
 0002:0000093C       Checks
 0001:0007BF68       CheckSocketResult
 0001:000868C8       CheckTaskWindow
 0001:00044FB0       CheckTaskWindow
 0001:0002D820       CheckUndock
 0002:000008F0       cItemAutoFlagToBoolean
 0002:000008E8       cItemAutoFlagToMenu
 0002:00003CF8       cl
 0002:00003628       ClassAliasList
 0001:00018BB8       Classes
 0001:0005674C       ClassIDToProgID
 0002:00003624       ClassList
 0001:0001006C       ClassNotFound
 0001:0007C0CC       Cleanup
 0002:000033E8       ClearAnyProc
 0001:00019E08       ClearColor
 0001:0005719C       ClearExcepInfo
 0001:000BDF28       ClearSelection
 0001:00006C9C       ClientToScreen
 0001:000369A8       ClientToWindow
 0001:0002A180       Clipboard
 0002:00000684       ClipboardFormats
 0001:0002A1DC       Clipbrd
 0001:000EA910       ClipIcon
 0001:00006CA4       CloseClipboard
 0001:000826C0       CloseDM
 0001:0000676C       CloseHandle
 0001:0000029C       CloseHandle
 0001:00022D18       ClosePrinter
 0001:0007E1F4       CloseRegKey
 0001:0007B660       closesocket
 0001:0000DC04       CLSIDFromProgID
 0001:0000DBF4       CLSIDFromString
 0002:00000EE0       CLSID_DSBase
 0002:00000EF0       CLSID_DSCursor
 0002:0000037C       CLSID_StdComponentCategoryMgr
 0002:00003030       CmdLine
 0002:0000302C       CmdShow
 0002:000008E4       cMenuAutoFlagToItem
 0002:00000BE4       CoAddRefServerProcess
 0001:0000DBE4       CoCreateInstance
 0002:00000BDC       CoCreateInstanceEx
 0002:00003A8C       cod_err
 0002:00000BF4       CoInitFlags
 0001:0000DBD4       CoInitialize
 0002:00000BE0       CoInitializeEx
 0001:00010A00       CollectionsEqual
 0002:00000450       Colors
 0001:0001A288       ColorToIdent
 0001:0001A278       ColorToRGB
 0001:000069A4       CombineRgn
 0002:00003868       ComClassManagerVar
 0001:0005616C       ComConst
 0002:000036BC       ComCtl32DLL
 0002:00003B28       ComCtlVersion
 0001:000992F0       ComCtrls
 0002:000037D4       CommandPool
 0001:000224FC       Commctrl
 0001:0004F29C       CommDlg
 0001:00000800       Commit
 0002:00003494       committedRoot
 0001:00057468       ComObj
 0001:00087354       CompareExtents
 0001:0003D7B8       CompareFront
 0001:00008478       CompareMem
 0001:00006774       CompareString
 0001:00008498       CompareText
 0001:00014164       ComponentCreated
 0001:0001CD48       ComputeAldusChecksum
 0001:0008DF20       ComStrs
 0001:00074EC8       ConcatField
 0002:00003A88       conn
 0001:0007B668       connect
 0001:0000E130       Consts
 0001:00022364       Contnrs
 0002:0000375E       ControlAtom
 0001:00039C1C       Controls
 0001:0000B5C0       ConvertAddr
 0001:00009C1C       ConvertEraString
 0001:00008298       ConvertError
 0001:000082B0       ConvertErrorFmt
 0001:00009D88       ConvertYearString
 0001:00004F80       CopyArray
 0001:0001F2F4       CopyBitmap
 0001:0001F9B4       CopyBitmapAsMask
 0001:000069AC       CopyEnhMetaFile
 0001:00006CAC       CopyIcon
 0001:00085094       CopyImage
 0001:0009DB6C       CopyImage
 0001:0001F950       CopyPalette
 0001:00085B04       CopyParentImage
 0001:000405F8       CopyToBest
 0002:00000BE8       CoReleaseServerProcess
 0002:00000BEC       CoResumeClassObjects
 0002:00000BF0       CoSuspendClassObjects
 0001:0000DC0C       CoTaskMemFree
 0001:0000DBDC       CoUninitialize
 0001:0000C21C       CountChars
 0002:00003688       CounterLock
 0001:000B1B38       CreatBridge
 0001:000775F0       CreateAggsFromAggFields
 0001:0000BAF0       CreateAssertException
 0001:0000BC88       CreateAVObject
 0001:000069B4       CreateBitmap
 0001:000069BC       CreateBrushIndirect
 0001:000D98BC       CreateCalcBtn
 0001:00006CB4       CreateCaret
 0001:000568D8       CreateComObject
 0001:000069C4       CreateCompatibleBitmap
 0001:000069CC       CreateCompatibleDC
 0001:000141E4       CreateComponent
 0001:0006DD98       CreateDbClientObject
 0001:000069D4       CreateDC
 0001:000069E4       CreateDIBitmap
 0001:000069DC       CreateDIBSection
 0001:00086584       CreateDisabledBitmap
 0001:0008631C       CreateDisabledBitmapEx
 0001:000D92D8       CreateEllipsisGlyph
 0001:0000DC8C       CreateErrorInfo
 0001:0000677C       CreateEvent
 0001:00006784       CreateFile
 0001:000002A4       CreateFileA
 0001:000069EC       CreateFontIndirect
 0001:000069F4       CreateHalftonePalette
 0001:000069FC       CreateIC
 0001:00006CBC       CreateIcon
 0001:0000BA2C       CreateInOutError
 0001:000852CC       CreateInterbasePassword
 0001:000DD244       CreateLocate
 0002:00002118       CreateLocateObject
 0001:00006CC4       CreateMenu
 0001:00052BF4       CreateMessageDialog
 0001:00006A04       CreatePalette
 0001:00006A0C       CreatePenIndirect
 0001:000DAF18       CreatePopupCalculator
 0001:00006CCC       CreatePopupMenu
 0001:000EA828       CreateRealSizeIcon
 0001:00006A14       CreateRectRgn
 0001:00056778       CreateRegKey
 0001:0000678C       CreateSemaphore
 0001:00006A1C       CreateSolidBrush
 0001:0001C540       CreateSystemPalette
 0001:00000304       CreateThread
 0001:00006794       CreateThread
 0001:000072C8       CreateWindow
 0001:00006CD4       CreateWindowEx
 0002:00000794       CreationControl
 0002:0000078C       CSHREDRAW
 0002:0000210C       Ctl3DBevel
 0002:00002110       Ctl3DBorder
 0002:00002108       Ctl3DStyle
 0002:00001428       Ctl3DStyles
 0002:00000890       Ctl3DStyles
 0001:00087588       Ctrl
 0002:0000348C       curAlloc
 0001:000DCD30       CurrEdit
 0002:000034FC       CurrencyDecimals
 0002:000034F8       CurrencyFormat
 0002:000034F4       CurrencyString
 0001:00009AB4       CurrentYear
 0001:0005CCFC       CurrToBCD
 0001:0000938C       CurrToStr
 0001:000093F4       CurrToStrF
 0002:00000A84       CursorMap
 0002:000007A4       Cursors
 0001:0002C4D0       CursorToIdent
 0002:00000030       cwChop
 0002:00000D3C       CWNear
 0001:0005CB54       DatabaseError
 0001:0005CC00       DatabaseErrorFmt
 0001:0006EFBC       DataBkr
 0002:00003BC8       DataClasses
 0001:0006DEB0       DataPacketSize
 0001:0006DECC       DataPacketToVariant
 0001:000764E4       DataStored
 0002:00000EB8       DataTypeMap
 0001:00009A88       Date
 0002:00001EAC       DateBitmap
 0002:000034FD       DateSeparator
 0001:00068318       DateTimeToNative
 0001:0000A690       DateTimeToStr
 0001:0000A604       DateTimeToString
 0001:00009A24       DateTimeToSystemTime
 0001:000095E4       DateTimeToTimeStamp
 0001:0000A660       DateToStr
 0001:00082450       DateUtil
 0001:00009A60       DayOfWeek
 0001:0006A670       Db
 0001:0007901C       DBClient
 0002:00000F00       DbClientHandle
 0001:0006DA7C       DBCommon
 0001:000536CC       DbConsts
 0001:000B796C       DBCtrls
 0001:000C1224       DBGrids
 0001:0007A164       DBLogDlg
 0001:000B3E1C       DBUseRightToLeftAlignment
 0001:000DD2B0       DBUtils
 0002:00003BC4       DCClasses
 0001:000C6C94       DCPoint
 0001:000C6CB8       DCRect
 0002:0000044C       DDBsOnly
 0001:00045218       DeallocateHWnd
 0002:00000008       DebugHook
 0002:000034FB       DecimalSeparator
 0001:00009A04       DecodeDate
 0001:000096EC       DecodeTime
 0001:00000894       Decommit
 0001:00000EB0       DecommitFree
 0002:00003468       decommittedRoot
 0001:0004D194       Default
 0001:00047B6C       Default
 0002:00000000       Default8087CW
 0002:00000BCC       DefaultBlank
 0002:00000798       DefaultDockTreeClass
 0002:00000C08       DefaultFieldClasses
 0002:00000650       DefBrushData
 0001:000D61A8       DefBtnWidth
 0002:000014E4       DefCompanyName
 0001:00006CF4       DeferWindowPos
 0002:00000420       DefFontData
 0001:00006CDC       DefFrameProc
 0002:0000024C       DefLongDayNames
 0002:00000200       DefLongMonthNames
 0001:00006CE4       DefMDIChildProc
 0002:00000630       DefPenData
 0002:00000230       DefShortDayNames
 0002:000001D0       DefShortMonthNames
 0001:00006CEC       DefWindowProc
 0002:00003D7C       def_val
 0001:0008224C       DelBSpace
 0001:0008220C       DelChars
 0001:00082280       DelESpace
 0001:00000550       DeleteBlock
 0001:000004C0       DeleteCriticalSection
 0001:0000679C       DeleteCriticalSection
 0001:00006A24       DeleteDC
 0001:00006A2C       DeleteEnhMetaFile
 0001:00000CF8       DeleteFree
 0001:00006CFC       DeleteMenu
 0001:00006A34       DeleteObject
 0001:000BE31C       DeletePrompt
 0001:00056810       DeleteRegKey
 0001:000822B4       DelRSpace
 0001:0001EEB0       DeselectBitmap
 0001:00006D04       DestroyCursor
 0001:00006D0C       DestroyIcon
 0001:0008519C       DestroyLocals
 0001:000D9528       DestroyLocals
 0001:000DCCE4       DestroyLocals
 0001:000DDE08       DestroyLocals
 0001:0009A654       DestroyLocals
 0001:00006D14       DestroyMenu
 0001:00006D1C       DestroyWindow
 0001:000533E8       Dialogs
 0002:00000690       DIBPalSizes
 0002:0000005C       dig
 0002:00001E40       Direction
 0001:00044E04       DisableTaskWindows
 0001:00056C14       DispatchInvoke
 0001:00057190       DispatchInvokeError
 0001:00006D24       DispatchMessage
 0001:0004AEC0       DispatchShortCut
 0001:000571AC       DispCall
 0001:00057294       DispCallByID
 0002:00000018       DispCallByIDProc
 0001:000570BC       DispCallError
 0001:0005CCD4       DisposeMem
 0001:000083C4       DisposeStr
 0001:0000827C       DivMod
 0001:000528F8       Dlgs
 0002:00003884       DllGetClassObject
 0002:00003A84       DM
 0001:0004C59C       DoAlign
 0001:000319CC       DoAlign
 0001:00067B24       DoBindFields
 0001:00089230       DoCalc
 0001:00035978       DoCalcConstraints
 0001:00089298       DoCalcRightToLeft
 0001:00089A04       DoChange
 0002:00003788       DockSiteList
 0001:00041188       DoClick
 0001:000883A8       DoColWidths
 0001:00032E98       DoControlMsg
 0001:00022D20       DocumentProperties
 0001:00044DB4       DoDisableWindow
 0001:0002D144       DoDragOver
 0001:00009784       DoEncodeDate
 0001:0000967C       DoEncodeTime
 0001:00085520       DoEncrypt
 0001:00008330       DoExitProc
 0001:000374E4       DoFindControlZone
 0001:00044EF0       DoFindWindow
 0001:00037A48       DoFindZone
 0001:00037568       DoForEach
 0001:00038DDC       DoGetNextLimit
 0001:00044D7C       DoneApplication
 0001:00039A48       DoneControls
 0001:0000C02C       DoneExceptions
 0001:000493A0       DoNestedActivation
 0001:00031630       DoPosition
 0001:0004C3EC       DoPosition
 0001:0003845C       DoPrune
 0001:00050D7C       DoRect
 0001:000883EC       DoRowHeights
 0001:0003890C       DoSaveZone
 0001:000BDF5C       DoSelection
 0001:00038B10       DoSetNewBounds
 0001:00087E54       DoSizeAdjust
 0002:00000394       DotSep
 0001:0008B0CC       DoUpdate
 0002:00001474       DownMessage
 0001:0003C0CC       DoWrite
 0001:0003037C       DoWrite
 0001:0001DFFC       DoWrite
 0001:00011DC0       DoWrite
 0001:0001D1D0       DoWrite
 0001:0004B810       DoWriteHeight
 0001:0004B7A8       DoWriteHorizontalOffset
 0001:0004B7DC       DoWriteVerticalOffset
 0001:0004B780       DoWriteWidth
 0002:0000376C       DragCapture
 0002:00003760       DragControl
 0001:0002D890       DragDone
 0001:0002D0F4       DragFindTarget
 0001:0002D0C8       DragFindWindow
 0002:00003768       DragFreeObject
 0002:00003784       DragImageList
 0001:0002D4E8       DragInit
 0001:0002D658       DragInitControl
 0001:0002D04C       DragMessage
 0002:00003764       DragObject
 0002:00003778       DragSaveCursor
 0002:00003770       DragStartPos
 0002:0000377C       DragThreshold
 0001:0002D214       DragTo
 0001:0004D1D0       DrawAppIcon
 0001:000CCA90       DrawArrowHead
 0001:00088794       DrawAxisLines
 0002:0000140C       DrawBitmap
 0002:00003B90       DrawBitmap
 0001:000862CC       DrawBitmapTransparent
 0001:0009C864       DrawButtonFrame
 0001:000889DC       DrawCells
 0001:00037FC0       DrawCloseButton
 0001:00006D2C       DrawEdge
 0001:00006D34       DrawFocusRect
 0001:00006D3C       DrawFrameControl
 0001:00038018       DrawGrabberLine
 0001:00006D44       DrawIcon
 0001:00006D4C       DrawIconEx
 0002:000008C8       DrawingStyles
 0001:0008894C       DrawLines
 0001:0009BD48       DrawMark
 0001:00006D54       DrawMenuBar
 0001:00042480       DrawMenuItem
 0001:0009A670       DrawShadowText
 0001:00006D5C       DrawText
 0001:000BD310       DrawTitleCell
 0001:0008698C       DropHookList
 0001:0007CB4C       DropStream
 0001:0006DF48       DSIntf
 0001:000C13BC       DTypes
 0001:000EA164       DupBits
 0001:0001C010       DupBits
 0001:00004F98       DynArrayClear
 0001:00004FA0       DynArraySetLength
 0001:00070DD0       EDBClient.Create
 0002:000009AC       EdgeStyle
 0002:00000880       EdgeStyles
 0001:000D7AC4       EditorTextMargins
 0001:0000BA00       EHeapException.FreeInstance
 0001:00006A3C       Ellipse
 0001:0009E000       EmitMessage
 0001:00006D64       EmptyClipboard
 0002:00003414       EmptyParam
 0002:00000120       EmptyStr
 0001:00006D6C       EnableMenuItem
 0002:00000944       Enables
 0001:00006D74       EnableScrollBar
 0001:00044EB8       EnableTaskWindows
 0001:00006D7C       EnableWindow
 0001:0000984C       EncodeDate
 0001:00006D84       EndDeferWindowPos
 0001:00006A44       EndDoc
 0001:000107C8       EndGlobalLoading
 0001:00006A4C       EndPage
 0001:00006D8C       EndPaint
 0001:00002E38       EndThread
 0001:000067A4       EnterCriticalSection
 0001:000004B0       EnterCriticalSection
 0001:000067AC       EnumCalendarInfoA
 0001:00006D94       EnumClipboardFormats
 0002:000036E0       EnumDisplayMonitors
 0001:0000B20C       EnumEraNames
 0001:0000B248       EnumEraYearOffsets
 0001:00047FEC       EnumMonitorsProc
 0001:00022D28       EnumPrinters
 0001:0007E150       EnumRegKey
 0001:00006D9C       EnumThreadWindows
 0001:00013B44       EnumValue
 0001:00006DA4       EnumWindows
 0001:0005659C       EOleException.Create
 0001:000564CC       EOleSysError.Create
 0001:00006DAC       EqualRect
 0002:000035C0       EraNames
 0001:0000A8FC       EraToYear
 0002:000035DC       EraYearOffsets
 0001:00070E50       EReconcileError.Create
 0002:00000054       errCaption
 0001:0005EB30       Error
 0001:00001874       Error
 0001:0003D508       Error
 0001:0001342C       Error
 0002:00003040       ErrorAddr
 0001:0000BAAC       ErrorHandler
 0002:00000268       ErrorMap
 0002:00003004       ErrorProc
 0001:0005CA80       EUpdateError.Create
 0001:0005CB24       EUpdateError.Destroy
 0002:00000D64       Events
 0001:0000B5A8       ExceptAddr
 0002:00003008       ExceptClsProc
 0001:0000BF50       ExceptHandler
 0001:0000B82C       Exception.Create
 0001:0000B868       Exception.CreateFmt
 0001:0000B9B8       Exception.CreateHelp
 0001:0000B8E8       Exception.CreateRes
 0001:0000B924       Exception.CreateResFmt
 0002:00003010       ExceptionClass
 0001:0000B5CC       ExceptionErrorMessage
 0002:000002A0       ExceptMap
 0001:0000B590       ExceptObject
 0002:0000300C       ExceptObjProc
 0002:00003000       ExceptProc
 0001:00006A54       ExcludeClipRect
 0002:00003038       ExitCode
 0001:00002C50       ExitDll
 0002:0000303C       ExitProc
 0001:00000314       ExitProcess
 0002:00000198       ExitProcList
 0001:0000030C       ExitThread
 0001:00006A5C       ExtCreatePen
 0001:000528C0       ExtCtrls
 0001:000D7598       ExtDlgs
 0002:0000076C       ExtendSelects
 0001:00006A64       ExtFloodFill
 0001:0005CE20       ExtractFieldName
 0001:00008A94       ExtractFileExt
 0001:00008A5C       ExtractFileName
 0001:00008A28       ExtractFilePath
 0002:00000F04       ExtraFieldProps
 0001:00006A6C       ExtTextOut
 0002:000014F8       FCheckBitmap
 0002:00003748       FClipboard
 0002:00000D38       FConst10
 0001:0007B640       FD_SET
 0001:0007B650       FD_ZERO
 0001:00022E30       FetchStr
 0001:000BE888       FieldIsMapped
 0002:00000E4C       FieldTypeMap
 0002:00000C98       FieldTypeNames
 0001:00008930       FileAge
 0002:00001EA8       FileBitmap
 0001:00008928       FileClose
 0001:000088A0       FileCreate
 0001:0008D3E4       FileCtrl
 0001:00008998       FileExists
 0002:00000688       FileFormats
 0002:0000304A       FileMode
 0001:00008860       FileOpen
 0001:000088C4       FileRead
 0002:0000039C       FilerSignature
 0001:0000891C       FileSeek
 0001:000067B4       FileTimeToDosDateTime
 0001:000067BC       FileTimeToLocalFileTime
 0001:0009936C       FileUtil
 0001:000088F0       FileWrite
 0001:00000DE0       FillAfterGap
 0001:00000D8C       FillBeforeGap
 0001:00088740       FillDWord
 0001:00000E78       FillerSizeAfterGap
 0001:00000E08       FillerSizeBeforeGap
 0001:00006DB4       FillRect
 0002:00000660       FillStyles
 0001:00099408       Finalization
 0001:000993C4       Finalization
 0001:00099374       Finalization
 0001:0009DCA8       Finalization
 0001:0009933C       Finalization
 0001:000992F8       Finalization
 0001:0000EA1C       Finalization
 0001:0009DD0C       Finalization
 0001:00099278       Finalization
 0001:0008DEF0       Finalization
 0001:0008DEB0       Finalization
 0001:0008D424       Finalization
 0001:0008D3EC       Finalization
 0001:0008D3B4       Finalization
 0001:0008D37C       Finalization
 0001:0000E100       Finalization
 0001:0000DCA0       Finalization
 0001:0000D9D0       Finalization
 0001:000869A0       Finalization
 0001:00086954       Finalization
 0001:00086914       Finalization
 0001:00085964       Finalization
 0001:000858CC       Finalization
 0001:00085894       Finalization
 0001:0008584C       Finalization
 0001:00085294       Finalization
 0001:00085234       Finalization
 0001:000831B8       Finalization
 0001:000824C4       Finalization
 0001:00082420       Finalization
 0001:0008233C       Finalization
 0001:00082108       Finalization
 0001:0007D640       Finalization
 0001:00007734       Finalization
 0001:0000742C       Finalization
 0001:000073F4       Finalization
 0001:0007B8A4       Finalization
 0001:0007B700       Finalization
 0001:0007B608       Finalization
 0001:000B1494       Finalization
 0001:0007A134       Finalization
 0001:000B1914       Finalization
 0001:00079CAC       Finalization
 0001:000B1D70       Finalization
 0001:00079C44       Finalization
 0001:000B78C0       Finalization
 0001:00078FEC       Finalization
 0001:0006FB60       Finalization
 0001:0006EF8C       Finalization
 0001:0006DFC0       Finalization
 0001:0006DEF8       Finalization
 0001:0006DB2C       Finalization
 0001:0006DA4C       Finalization
 0001:0006A628       Finalization
 0001:000573E8       Finalization
 0001:000C11F4       Finalization
 0001:000C122C       Finalization
 0001:000C138C       Finalization
 0001:000C5208       Finalization
 0001:00018B00       Finalization
 0001:0005613C       Finalization
 0001:000560E4       Finalization
 0001:0005369C       Finalization
 0001:0005338C       Finalization
 0001:000528C8       Finalization
 0001:00052890       Finalization
 0001:000D2B78       Finalization
 0001:000D4844       Finalization
 0001:000D7530       Finalization
 0001:0004F26C       Finalization
 0001:0004F234       Finalization
 0001:0004F1FC       Finalization
 0001:0004F1C4       Finalization
 0001:0004F18C       Finalization
 0001:0004F154       Finalization
 0001:0004F0E0       Finalization
 0001:000D7568       Finalization
 0001:000D75A0       Finalization
 0001:000066EC       Finalization
 0001:000D954C       Finalization
 0001:00006450       Finalization
 0001:000DB23C       Finalization
 0001:0004276C       Finalization
 0001:000DCCF8       Finalization
 0001:000DCD38       Finalization
 0001:000DD280       Finalization
 0001:000DE948       Finalization
 0001:000DFE54       Finalization
 0001:0003C608       Finalization
 0001:000E0F58       Finalization
 0001:0003ABAC       Finalization
 0001:00039BC8       Finalization
 0001:000E2960       Finalization
 0001:000E4370       Finalization
 0001:000E6604       Finalization
 0001:000E8E1C       Finalization
 0001:00021FD8       Finalization
 0001:00022334       Finalization
 0001:000E9B98       Finalization
 0001:000EA090       Finalization
 0001:000224CC       Finalization
 0001:000EA8E0       Finalization
 0001:0002A358       Finalization
 0001:00022C58       Finalization
 0001:00022C98       Finalization
 0001:00022CE0       Finalization
 0001:000F0BFC       Finalization
 0001:00022D38       Finalization
 0001:0002A1A0       Finalization
 0001:00029A3C       Finalization
 0001:000F2738       Finalization
 0001:000239CC       Finalization
 0001:000FAE50       Finalization
 0001:000FAE88       Finalization
 0001:00023CF0       Finalization
 0001:00004F90       FinalizeArray
 0002:0000104C       FinalTranspose1
 0002:0000118C       FinalTranspose2
 0001:00040F9C       Find
 0001:00015EF8       FindAncestor
 0001:000051FC       FindBS
 0001:00096298       FindButton
 0001:00010188       FindClass
 0001:000051D0       FindClassHInstance
 0001:000067C4       FindClose
 0001:00000324       FindClose
 0001:00000D5C       FindCommitted
 0001:0002C2F0       FindControl
 0001:00096F14       FindControl
 0001:00037C50       FindControlAtPos
 0001:0002DB3C       FindDragTarget
 0001:00014394       FindExistingComponent
 0001:0000032C       FindFirstFile
 0001:000067CC       FindFirstFile
 0001:00044FFC       FindGlobalComponent
 0002:0000361C       FindGlobalComponent
 0001:000051A8       FindHInstance
 0001:000105AC       FindIdentToInt
 0001:00010528       FindIntToIdent
 0002:00003824       FindMsg
 0001:000136E0       FindNestedComponent
 0001:0003D4D0       FindPopupControl
 0001:000067D4       FindResource
 0001:000051D8       FindResourceHInstance
 0001:0004EA90       FindScanline
 0001:00044F54       FindTopMostWindow
 0001:00015264       FindUniqueName
 0001:0002DB08       FindVCLWindow
 0001:00006DBC       FindWindow
 0001:00002AD4       FInitUnits
 0002:000014C8       FixedBmpStyles
 0002:000014D0       FixedSizeStyles
 0002:000014A0       FixedStyles
 0001:0001F2A8       FixupBitFields
 0002:000009BC       Flags
 0002:00003608       FLanguages
 0001:00023D20       FlatSB
 0002:00003708       FlatSB_EnableScrollBar
 0002:00003714       FlatSB_GetScrollInfo
 0002:00003718       FlatSB_GetScrollPos
 0002:00003710       FlatSB_GetScrollRange
 0002:00003720       FlatSB_SetScrollInfo
 0002:0000371C       FlatSB_SetScrollPos
 0001:00023A10       FlatSB_SetScrollProp
 0002:00003724       FlatSB_SetScrollRange
 0002:0000370C       FlatSB_ShowScrollBar
 0002:00001484       FlatStyles
 0002:00000E70       FldSubTypeMap
 0001:0000D6CD       FloatToDecimal
 0001:0000935C       FloatToStr
 0001:000093BC       FloatToStrF
 0001:0000D12A       FloatToText
 0001:0000D3FA       FloatToTextFmt
 0002:000001C4       FMSecsPerDay
 0001:00009294       FmtStr
 0002:000009D4       FocusCount
 0002:000009D0       FocusMessages
 0002:000005A0       FontCharsets
 0002:000036A0       FontManager
 0001:00044FD0       ForegroundTask
 0002:000001CC       Format
 0001:00009280       Format
 0001:00008E20       FormatBuf
 0001:00008E14       FormatClearStr
 0001:000094CC       FormatCurr
 0001:00008DA8       FormatError
 0002:000001BC       FormatErrorStrs
 0001:0000942C       FormatFloat
 0001:000DB6AC       FormatFloatStr
 0001:00054224       FormatMaskText
 0001:0009E008       FormatMessage
 0001:000067DC       FormatMessage
 0001:00008E00       FormatVarToStr
 0001:0004F134       Forms
 0001:0008756C       ForwardMovement
 0002:00003A78       FourDigitYear
 0001:00005EF4       FPower10
 0002:000006E0       FPrinter
 0001:00050E40       Frame3D
 0001:00006DC4       FrameRect
 0001:0000CDA4       FreeAndNil
 0001:00000AC8       FreeCommitted
 0001:00000FD0       FreeCurAlloc
 0001:0006DE18       FreeDataPacket
 0001:0002DBFC       FreeDeviceContext
 0001:0002DCB8       FreeDeviceContexts
 0001:00018A8C       FreeIntConstList
 0001:00000334       FreeLibrary
 0001:000067E4       FreeLibrary
 0001:0001EE04       FreeMemoryContexts
 0001:00045140       FreeObjectInstance
 0001:000067EC       FreeResource
 0001:00000748       FreeSpace
 0001:0000CA14       FreeTerminateProcs
 0001:00017610       FreeThreadWindow
 0001:0007E0E8       FreeWinSock2
 0002:00003B24       FRichEditModule
 0002:00003CC0       fr_catch_edit
 0002:00003D70       fr_get_chislo
 0002:00003BF8       fr_kns_edit
 0002:00003D40       fr_kust_edit
 0002:00003DCC       fr_main
 0002:00003C28       fr_ns_edit
 0002:00003CFC       fr_pipe_edit
 0002:00003D94       fr_pump_edit
 0002:00003B70       fr_splash
 0002:00003C58       fr_vpp_edit
 0002:00003C8C       fr_vrp_edit
 0001:000C69DC       FuzzyMatch
 0001:0008D41C       Gauges
 0001:0000CB30       GDAL
 0001:0001C000       GDICheck
 0001:0001BF58       GDIError
 0001:00006A74       GdiFlush
 0001:00006DCC       GetActiveWindow
 0001:0004CA70       GetAnimation
 0001:00052908       GetAveCharSize
 0001:00083820       GetBitBtnGlyph
 0001:00006A7C       GetBitmapBits
 0001:000004C8       GetBlockDesc
 0001:0007220C       GetBoolParam
 0001:00006A84       GetBrushOrgEx
 0001:00007290       GetBValue
 0001:00006DD4       GetCapture
 0001:0002C578       GetCaptureControl
 0001:000100D8       GetClass
 0001:00006DDC       GetClassInfo
 0001:00006DE4       GetClientRect
 0001:00006DEC       GetClipboardData
 0001:0001DA64       GetClipboardFormats
 0001:00006A8C       GetClipBox
 0001:00000464       GetCmdShow
 0001:0003ADC8       GetColor
 0001:00090C24       GetComCtlVersion
 0001:0000033C       GetCommandLine
 0001:00000914       GetCommitted
 0001:000009A4       GetCommittedAt
 0001:00016CE4       GetComponentValue
 0001:000329DC       GetControlAtPos
 0001:00009B78       GetCount
 0001:000067F4       GetCPInfo
 0001:00006A94       GetCurrentPositionEx
 0001:000067FC       GetCurrentProcessId
 0001:00005898       GetCurrentThreadId
 0001:00006804       GetCurrentThreadId
 0001:00007214       GetCurrentTime
 0001:00006DF4       GetCursor
 0001:0004EAA0       GetCursorHeightMargin
 0001:00006DFC       GetCursorPos
 0001:0007E1FC       GetDataBrokerList
 0001:000CE754       GetDataClass
 0001:00009BA4       GetDate
 0001:0000680C       GetDateFormat
 0001:0000A820       GetDateOrder
 0001:00006E04       GetDC
 0001:000CE638       GetDCClass
 0001:00006E0C       GetDCEx
 0001:00006A9C       GetDCOrgEx
 0001:00021BE4       GetDefFontCharSet
 0001:00011A34       GetDesigner
 0001:00006E14       GetDesktopWindow
 0001:00006AB4       GetDeviceCaps
 0001:0001CF60       GetDIB
 0001:00006AA4       GetDIBColorTable
 0001:00006AAC       GetDIBits
 0001:0001CEA8       GetDIBSizes
 0001:000EA144       GetDInColors
 0001:0001C170       GetDInColors
 0001:00006814       GetDiskFreeSpaceA
 0002:00000194       GetDiskFreeSpaceEx
 0001:000990DC       GetDisplaySize
 0001:00038E9C       GetDockAlign
 0001:0002CEA0       GetDockSiteAtPos
 0001:00006E1C       GetDoubleClickTime
 0001:0002D180       GetDropCtl
 0001:000021E0       GetDynaMethod
 0001:00006ABC       GetEnhMetaFileBits
 0001:00006AC4       GetEnhMetaFileHeader
 0001:00006ACC       GetEnhMetaFilePaletteEntries
 0001:0000E170       GetEnumName
 0001:0000E250       GetEnumNameValue
 0001:0000E29C       GetEnumValue
 0001:0000B2C0       GetEraNamesAndYearOffsets
 0001:0000A8A8       GetEraYearOffset
 0001:0000DC84       GetErrorInfo
 0001:0000BC74       GetExceptionClass
 0001:0000BE54       GetExceptionObject
 0001:0000681C       GetExitCodeThread
 0001:000101A8       GetFieldClass
 0001:00010060       GetFieldClassTable
 0001:0006A95C       GetFieldInfo
 0001:0005CC5C       GetFieldProperty
 0001:0001DA44       GetFileFormats
 0001:000002B4       GetFileSize
 0001:000002AC       GetFileType
 0001:00006984       GetFileVersionInfo
 0001:0000698C       GetFileVersionInfoSize
 0001:00075830       GetFlags
 0001:0000E79C       GetFloatProp
 0001:00006E24       GetFocus
 0001:0001A4B0       GetFontData
 0001:00006E2C       GetForegroundWindow
 0001:0000C5D8       GetFormatSettings
 0001:0000728C       GetGValue
 0001:00019B04       GetHashCode
 0001:0004C85C       GetHint
 0001:0004C88C       GetHintControl
 0001:0007B6B8       gethostbyname
 0001:0004260C       GetHotkey
 0001:00006E34       GetIconInfo
 0001:000EA75C       GetIconSize
 0001:00056F44       GetIDsOfNames
 0001:0009416C       GetImageBitmap
 0001:0000E9B8       GetInt64Prop
 0001:00006E4C       GetKeyboardLayout
 0001:00006E54       GetKeyboardLayoutList
 0001:00006E5C       GetKeyboardState
 0001:00001E64       GetKeyboardType
 0001:00006E3C       GetKeyNameText
 0001:00006E44       GetKeyState
 0001:00006E64       GetLastActivePopup
 0001:00000344       GetLastError
 0001:00006824       GetLastError
 0001:0000B084       GetLocaleChar
 0001:00006834       GetLocaleInfo
 0001:0000034C       GetLocaleInfo
 0001:0000B038       GetLocaleStr
 0001:0000682C       GetLocalTime
 0001:0002C534       GetLongHint
 0001:0000E578       GetLongStrProp
 0001:00006AD4       GetMapMode
 0001:00006E6C       GetMenu
 0001:00049D0C       GetMenuHelpContext
 0001:00006E74       GetMenuItemCount
 0001:00006E7C       GetMenuItemID
 0001:00006E84       GetMenuItemInfo
 0001:0003F8C8       GetMenuSize
 0001:00006E8C       GetMenuState
 0001:00006E94       GetMenuString
 0001:00006E9C       GetMessage
 0001:00006EA4       GetMessagePos
 0001:00006EAC       GetMessageTime
 0001:0000E940       GetMethodProp
 0001:0007A6B8       GetMIDASAppServerList
 0001:0000683C       GetModuleFileName
 0001:000065B0       GetModuleFileName
 0001:00000354       GetModuleFileName
 0001:000065B8       GetModuleHandle
 0001:0000035C       GetModuleHandle
 0001:00006844       GetModuleHandle
 0002:000036DC       GetMonitorInfo
 0002:000036D4       GetMonitorInfoA
 0002:000036D8       GetMonitorInfoW
 0001:0000B0E8       GetMonthDayNames
 0001:00006ADC       GetNearestColor
 0001:000D25E4       GetNewNormPoint
 0001:00006EB4       GetNextWindow
 0001:00006AE4       GetObject
 0001:0006F374       GetObjectProperty
 0001:0000E3A0       GetOrdProp
 0001:00073DCC       GetOriginalBuffer
 0001:00006AEC       GetPaletteEntries
 0001:00001984       GetParamStr
 0001:00006EBC       GetParent
 0001:0004538C       GetParentForm
 0001:0006A7EC       GetPChar
 0001:00006AF4       GetPixel
 0001:0000684C       GetPrivateProfileString
 0001:00000364       GetProcAddress
 0001:00006854       GetProcAddress
 0001:0000685C       GetProfileString
 0001:00006EC4       GetProp
 0001:0000E2B0       GetPropInfo
 0001:0000E31C       GetPropInfos
 0001:000D2708       GetRadianPoint
 0001:0004584C       GetRealScrollPosition
 0001:00056828       GetRegStringValue
 0001:0003ADA8       GetRGBColor
 0001:00006AFC       GetRgnBox
 0001:00007288       GetRValue
 0001:00006ECC       GetScrollInfo
 0001:00006ED4       GetScrollPos
 0001:00006EDC       GetScrollRange
 0001:0007B6C0       getservbyname
 0001:0002C4F0       GetShortHint
 0001:0000E470       GetShortStrProp
 0001:0000E508       GetShortStrPropAsLongStr
 0001:0000066C       GetSpace
 0001:000006D0       GetSpaceAt
 0001:0003D560       GetSpecialName
 0001:0000036C       GetStartupInfo
 0001:000002BC       GetStdHandle
 0001:00006B04       GetStockObject
 0001:0000E730       GetStrProp
 0001:00006EE4       GetSubMenu
 0001:00006EEC       GetSysColor
 0001:00006864       GetSystemInfo
 0001:00006EF4       GetSystemMenu
 0001:00006EFC       GetSystemMetrics
 0002:000036C4       GetSystemMetrics
 0001:00006B0C       GetSystemPaletteEntries
 0001:00006B1C       GetTextExtentPoint
 0001:00006B14       GetTextExtentPoint32
 0001:00006B24       GetTextMetrics
 0001:00000374       GetThreadLocale
 0001:0000686C       GetThreadLocale
 0001:00006874       GetTickCount
 0001:00009BDC       GetTime
 0001:0004CF80       GetTopMostWindows
 0001:0002C680       GetTopParent
 0001:00006F04       GetTopWindow
 0001:0000E164       GetTypeData
 0001:00071E6C       GetTypeName
 0001:000049FC       GetVarArray
 0001:0000E8C0       GetVariantProp
 0001:0000687C       GetVersion
 0001:00006884       GetVersionEx
 0001:0000E60C       GetWideStrProp
 0001:0000E68C       GetWideStrPropAsLongStr
 0001:00006F0C       GetWindow
 0001:00006F14       GetWindowDC
 0001:00006F1C       GetWindowLong
 0001:00006B34       GetWindowOrgEx
 0001:00006F24       GetWindowPlacement
 0001:00006F2C       GetWindowRect
 0001:00006F34       GetWindowText
 0001:00006F3C       GetWindowThreadProcessId
 0001:00006B2C       GetWinMetaFileBits
 0001:0000688C       GlobalAddAtom
 0001:00006894       GlobalAlloc
 0001:00007220       GlobalAllocPtr
 0001:0000689C       GlobalDeleteAtom
 0002:00003630       GlobalFixupList
 0001:00013828       GlobalFixupReferences
 0001:000068A4       GlobalFree
 0001:0000724C       GlobalFreePtr
 0001:000068B4       GlobalHandle
 0001:000068AC       GlobalLock
 0002:00003618       GlobalNameSpace
 0001:000068BC       GlobalReAlloc
 0001:00007230       GlobalReAllocPtr
 0001:000068C4       GlobalUnlock
 0002:00001008       GlyphCache
 0002:000014FC       GlyphCache
 0001:000220AC       Graphics
 0002:0000211C       GridBitmaps
 0001:00086EF4       GridRect
 0001:0008D3AC       Grids
 0002:000014D8       GripperStyles
 0002:00001448       GripStyles
 0001:000566C4       GUIDToString
 0002:0000036C       GUID_NULL
 0001:00014A5C       HandleException
 0001:00056300       HandleSafeCallException
 0001:000773C4       HasAggs
 0001:0002A0C8       HasAPicture
 0002:00000004       HeapAllocFlags
 0002:00003434       heapErrorCode
 0002:00003438       heapLock
 0001:00086770       HeightOf
 0002:000014A8       HeightStyles
 0002:00003820       HelpMsg
 0002:00000190       HexDisplayPrefix
 0001:00006F44       HideCaret
 0002:00000718       HideSelections
 0002:000034DC       HInstance
 0002:000037F0       HintDoneEvent
 0001:0004C95C       HintGetMsgHook
 0002:000037F4       HintHook
 0001:0004C900       HintMouseThread
 0002:000037F8       HintThread
 0002:000037EC       HintThreadID
 0001:0004C8AC       HintTimerProc
 0002:000009CC       HintWindowClass
 0001:00007210       HiWord
 0001:0004C9A0       HookHintHooks
 0002:00003B00       HookList
 0001:0007B670       htons
 0002:00003A70       hWinSock2
 0001:000072FC       HwndMSWheel
 0002:00000960       IBreaks
 0002:0000096C       IChecks
 0002:00000B34       IconIDs
 0002:00003C00       id
 0002:00003D9C       id
 0002:00003D48       id
 0002:00003D04       id
 0002:00003C30       id
 0002:00003CC8       id
 0002:00003C94       id
 0002:00003C60       id
 0002:00000974       IDefaults
 0001:0001A4A0       IdentToCharset
 0001:0001A298       IdentToColor
 0001:0002C4E0       IdentToCursor
 0001:00010630       IdentToInt
 0002:00003CCC       id_spr
 0002:00003DA0       id_spr
 0002:0000097C       IEnables
 0001:000405C8       IfHotkeyAvailable
 0002:00003B80       ii
 0002:00003A9C       iidd
 0001:0008659C       ImageListDrawDisabled
 0001:00022420       ImageList_Add
 0001:00022440       ImageList_AddIcon
 0001:0002246C       ImageList_BeginDrag
 0001:00022408       ImageList_Create
 0001:00022410       ImageList_Destroy
 0001:0002247C       ImageList_DragEnter
 0001:00022484       ImageList_DragLeave
 0001:0002248C       ImageList_DragMove
 0001:0002249C       ImageList_DragShowNolock
 0001:0002244C       ImageList_Draw
 0001:0002245C       ImageList_DrawEx
 0001:00022474       ImageList_EndDrag
 0001:00022438       ImageList_GetBkColor
 0001:000224A4       ImageList_GetDragImage
 0001:000224BC       ImageList_GetIconSize
 0001:00022418       ImageList_GetImageCount
 0001:000224AC       ImageList_Read
 0001:00022464       ImageList_Remove
 0001:00022454       ImageList_Replace
 0001:00022428       ImageList_ReplaceIcon
 0001:00022430       ImageList_SetBkColor
 0001:00022494       ImageList_SetDragCursorImage
 0001:000224C4       ImageList_SetIconSize
 0001:000224B4       ImageList_Write
 0002:000008D8       Images
 0001:0003C638       ImgList
 0001:00022CC8       Imm
 0002:000008B4       IMM32DLL
 0001:000399D8       Imm32GetContext
 0001:00039A34       Imm32IsIME
 0001:000399EC       Imm32ReleaseContext
 0001:00039A1C       Imm32SetCompositionFont
 0001:00039A04       Imm32SetCompositionWindow
 0002:000001C8       IMSecsPerDay
 0001:000823FC       IncHour
 0001:00086F94       Includes
 0001:00082374       IncTime
 0001:0007543C       IndexFieldOfs
 0001:0007B678       inet_addr
 0001:00006F4C       InflateRect
 0001:00079C8C       IniFiles
 0001:00000B54       InitAllocator
 0001:00022504       InitAnApi
 0002:000036EC       InitApis
 0001:00022374       InitComCtl
 0001:00090BD0       InitCommonControl
 0001:0002236C       InitCommonControls
 0001:000223D4       InitCommonControlsEx
 0001:00057370       InitComObj
 0001:0001083C       InitComponent
 0002:000034A4       InitContext
 0001:00039ABC       InitControls
 0001:0004507C       InitCtl3D
 0001:0009E2D8       InitDecompressor
 0001:0009F320       InitDefaults
 0001:00021C28       InitDefFontData
 0002:00001494       InitDone
 0001:0000CBF4       InitDriveSpacePtr
 0001:0000BF60       InitExceptions
 0001:00023A6C       InitFlatSB
 0001:00053238       InitGlobals
 0001:0001CD60       InitializeBitmapInfoHeader
 0001:000004A8       InitializeCriticalSection
 0001:000068CC       InitializeCriticalSection
 0002:00003430       initialized
 0001:00023A44       InitializeFlatSB
 0001:0000666C       InitializeModule
 0002:0000100C       InitialTranspose1
 0002:0000114C       InitialTranspose2
 0001:000395D0       InitIMM32
 0001:000108E4       InitInheritedComponent
 0001:00022BEC       InitMultiMonStubs
 0001:0000C098       InitPlatformId
 0002:00003034       InitProc
 0001:00021BAC       InitScreenLogPixels
 0001:0000C520       InitSysLocale
 0001:000065D8       InitThreadTLS
 0001:00096614       InitToolMenuHooks
 0001:00096704       InitToolMenuKeyHooks
 0001:00002B34       InitUnits
 0001:0002C238       InitWndProc
 0002:00001410       InnerStyles
 0002:00000860       InnerStyles
 0002:00003050       Input
 0001:000315D0       InsertBefore
 0001:0004C38C       InsertBefore
 0001:00000F48       InsertFree
 0001:0004067C       InsertHotkeyFarEastFormat
 0001:00006F54       InsertMenu
 0001:00006F5C       InsertMenuItem
 0002:000037E4       InstBlockList
 0002:000037E8       InstFreeList
 0002:0000362C       IntConstList
 0002:00000774       IntegralHeights
 0001:0000045C       InterlockedDecrement
 0001:00000454       InterlockedIncrement
 0001:000098C0       InternalDecodeDate
 0001:00019A90       InternalDeletePalette
 0001:00000DBC       InternalFreeMem
 0001:0001CEB0       InternalGetDIB
 0001:0001CE44       InternalGetDIBSizes
 0001:000106B4       InternalReadComponentRes
 0001:000778D0       Intersect
 0001:00006B3C       IntersectClipRect
 0001:00006F64       IntersectRect
 0001:000087CC       IntToHex
 0001:00008790       IntToHex
 0001:00010670       IntToIdent
 0001:0000875C       IntToStr
 0001:0000872C       IntToStr
 0001:00006F6C       InvalidateRect
 0001:0001BEE0       InvalidBitmap
 0001:0001BEC8       InvalidGraphic
 0001:0001BEEC       InvalidIcon
 0001:0001BEF8       InvalidMetafile
 0001:00086EDC       InvalidOp
 0001:0009DF74       InvalidOperation
 0001:0001BEB0       InvalidOperation
 0002:00003604       InvalidPointer
 0001:00002098       InvokeImplGetter
 0001:0007B680       ioctlsocket
 0001:0000192C       IOResult
 0002:0000099C       IOwnerDraw
 0002:00000984       IRadios
 0002:00000994       IRTL
 0001:0004531C       IsAccel
 0001:0004173C       IsAccelChar
 0001:000976B4       IsBandCurrent
 0001:0002CC58       IsBeforeTargetWindow
 0001:00006F74       IsCharAlpha
 0001:00006F7C       IsCharAlphaNumeric
 0001:00006F84       IsChild
 0001:00006F8C       IsClipboardFormatAvailable
[...]
 0002:00000718       HideSelections
 0002:00000720       OEMConverts
 0002:00000728       ButtonStyles
 0002:00000730       Alignments
 0002:00000740       Alignments
 0002:00000750       Styles
 0002:0000075C       Sorteds
 0002:00000764       MultiSelects
 0002:0000076C       ExtendSelects
 0002:00000774       IntegralHeights
 0002:0000077C       MultiColumns
 0002:00000784       TabStops
 0002:0000078C       CSHREDRAW
 0002:00000794       CreationControl
 0002:00000798       DefaultDockTreeClass
 0002:0000079C       AnchorAlign
 0002:000007A4       Cursors
 0002:00000854       CaptureControl
 0002:00000858       ShowFlags
 0002:0000085C       WindowPos
 0002:00000860       InnerStyles
 0002:00000870       OuterStyles
 0002:00000880       EdgeStyles
 0002:00000890       Ctl3DStyles
 0002:00000898       OrientArray
 0002:000008A0       MakeLast
 0002:000008A8       TreeStreamEndFlag
 0002:000008AC       SizeCursors
 0002:000008B4       IMM32DLL
 0002:000008B8       ModeMap
 0002:000008C0       Mask
 0002:000008C8       DrawingStyles
 0002:000008D8       Images
 0002:000008E0       ValidMenuHotkeys
 0002:000008E4       cMenuAutoFlagToItem
 0002:000008E8       cItemAutoFlagToMenu
 0002:000008EC       cBooleanToItemAutoFlag
 0002:000008F0       cItemAutoFlagToBoolean
 0002:000008F4       MenuKeyCaps
 0002:0000093C       Checks
 0002:00000944       Enables
 0002:0000094C       Breaks
 0002:00000958       Separators
 0002:00000960       IBreaks
 0002:0000096C       IChecks
 0002:00000974       IDefaults
 0002:0000097C       IEnables
 0002:00000984       IRadios
 0002:0000098C       ISeparators
 0002:00000994       IRTL
 0002:0000099C       IOwnerDraw
 0002:000009A4       Alignments
 0002:000009AC       EdgeStyle
 0002:000009B4       Alignments
 0002:000009BC       Flags
 0002:000009C8       Buttons
 0002:000009CC       HintWindowClass
 0002:000009D0       FocusMessages
 0002:000009D4       FocusCount
 0002:000009D8       TaskActiveWindow
 0002:000009DC       TaskFirstWindow
 0002:000009E0       TaskFirstTopMost
 0002:000009E4       TaskWindowList
 0002:000009E8       BlockCode
 0002:000009EC       UtilWindowClass
 0002:00000A14       SysConsts
 0002:00000A1C       SysConsts
 0002:00000A24       Props
 0002:00000A4C       Styles
 0002:00000A58       BorderStyles
 0002:00000A60       ShowCommands
 0002:00000A6C       ShowCommands
 0002:00000A78       ShowCommands
 0002:00000A84       CursorMap
 0002:00000AD8       WindowClass
 0002:00000B00       AppVisible
 0002:00000B04       ShowFlags
 0002:00000B08       BorderStyles
 0002:00000B10       Alignments
 0002:00000B1C       WndProcPtrAtom
 0002:00000B20       Captions
 0002:00000B34       IconIDs
 0002:00000B48       ButtonNames
 0002:00000B74       ButtonCaptions
 0002:00000BA0       ModalResults
 0002:00000BCC       DefaultBlank
 0002:00000BD0       MaskFieldSeparator
 0002:00000BD4       MaskNoSave
 0002:00000BD8       ArrowKey
 0002:00000BDC       CoCreateInstanceEx
 0002:00000BE0       CoInitializeEx
 0002:00000BE4       CoAddRefServerProcess
 0002:00000BE8       CoReleaseServerProcess
 0002:00000BEC       CoResumeClassObjects
 0002:00000BF0       CoSuspendClassObjects
 0002:00000BF4       CoInitFlags
 0002:00000BF8       ThreadStrs
 0002:00000C08       DefaultFieldClasses
 0002:00000C98       FieldTypeNames
 0002:00000D28       Power10
 0002:00000D38       FConst10
 0002:00000D3C       CWNear
 0002:00000D40       TypeSizes
 0002:00000D64       Events
 0002:00000D68       Values
 0002:00000D6C       VarTypeMap
 0002:00000DFC       BaseFieldTypes
 0002:00000E20       ReverseOperator
 0002:00000E28       BoolFalse
 0002:00000E2C       Operators
 0002:00000E34       Operators
 0002:00000E38       Operators
 0002:00000E3C       CATID_MIDASAppServer
 0002:00000E4C       FieldTypeMap
 0002:00000E70       FldSubTypeMap
 0002:00000EB8       DataTypeMap
 0002:00000ED0       BlobTypeMap
 0002:00000EE0       CLSID_DSBase
 0002:00000EF0       CLSID_DSCursor
 0002:00000F00       DbClientHandle
 0002:00000F04       ExtraFieldProps
 0002:00000F30       Options
 0002:00000F34       StreamMode
 0002:00000F3C       RetCodes
 0002:00000F40       TypeStr
 0002:00000F4C       Attr
 0002:00000F50       Values
 0002:00000F58       Values
 0002:00000F60       VariantSize
 0002:00000F84       BitBtnResNames
 0002:00000FB0       BitBtnCaptions
 0002:00000FDC       BitBtnModalResults
 0002:00001008       GlyphCache
 0002:0000100C       InitialTranspose1
 0002:0000104C       FinalTranspose1
 0002:0000108C       SwapTranspose
 0002:000010CC       KeyTranspose1
 0002:0000110C       KeyTranspose2
 0002:0000114C       InitialTranspose2
 0002:0000118C       FinalTranspose2
 0002:000011CC       ShiftBlocks
 0002:000013CC       RotateArray
 0002:0000140C       DrawBitmap
 0002:00001410       InnerStyles
 0002:0000141C       OuterStyles
 0002:00001428       Ctl3DStyles
 0002:00001430       RTFConversionFormat
 0002:0000143C       TextConversionFormat
 0002:00001448       GripStyles
 0002:00001450       RTLReading
 0002:00001458       ButtonStates
 0002:00001468       ButtonStyles
 0002:00001474       DownMessage
 0002:0000147C       ListStyles
 0002:00001484       FlatStyles
 0002:0000148C       TransparentStyles
 0002:00001494       InitDone
 0002:00001498       BandBorderStyles
 0002:000014A0       FixedStyles
 0002:000014A8       HeightStyles
 0002:000014B0       VerticalStyles
 0002:000014B8       BorderStyles
 0002:000014C0       BreakStyles
 0002:000014C8       FixedBmpStyles
 0002:000014D0       FixedSizeStyles
 0002:000014D8       GripperStyles
 0002:000014E0       ProgressList
 0002:000014E4       DefCompanyName
 0002:000014E8       sPropNameDelimiter
 0002:000014EC       Alignments
 0002:000014F4       WordWraps
 0002:000014F8       FCheckBitmap
 0002:000014FC       GlyphCache
 0002:00001500       ButtonCount
 0002:00001504       JPEGDefaults
 0002:0000150C       jpeg_std_error
 0002:00001580       .
 0002:00001590       .
 0002:00001610       .
 0002:00001690       .
 0002:0000179C       .
 0002:0000185C       _jpeg_natural_order
 0002:0000199C       .
 0002:00001D3C       .
 0002:00001DFC       AlignStyle
 0002:00001E14       BtnHintId
 0002:00001E3C       SearchTickCount
 0002:00001E40       Direction
 0002:00001E44       AlignFlags
 0002:00001E50       RTL
 0002:00001E58       ScrollArrows
 0002:00001E68       Alignments
 0002:00001E80       AlignStyle
 0002:00001E98       Alignments
 0002:00001EA4       CaretWidth
 0002:00001EA8       FileBitmap
 0002:00001EAC       DateBitmap
 0002:00001EB0       BtnPos
 0002:00002080       BtnCaptions
 0002:000020C0       BtnGlyphs
 0002:00002108       Ctl3DStyle
 0002:0000210C       Ctl3DBevel
 0002:00002110       Ctl3DBorder
 0002:00002114       CalcBitmap
 0002:00002118       CreateLocateObject
 0002:0000211C       GridBitmaps
 0002:00002140       SearchTickCount
 0002:00003000       ExceptProc
 0002:00003004       ErrorProc
 0002:00003008       ExceptClsProc
 0002:0000300C       ExceptObjProc
 0002:00003010       ExceptionClass
 0002:00003014       SafeCallErrorProc
 0002:00003018       AssertErrorProc
 0002:0000301C       AbstractErrorProc
 0002:00003020       MainInstance
 0002:00003024       MainThreadID
 0002:00003028       IsLibrary
 0002:0000302C       CmdShow
 0002:00003030       CmdLine
 0002:00003034       InitProc
 0002:00003038       ExitCode
 0002:0000303C       ExitProc
 0002:00003040       ErrorAddr
 0002:00003044       RandSeed
 0002:00003048       IsConsole
 0002:00003049       IsMultiThread
 0002:0000304A       FileMode
 0002:0000304B       Test8086
 0002:0000304C       Test8087
 0002:00003050       Input
 0002:0000321C       Output
 0002:000033E8       ClearAnyProc
 0002:000033EC       ChangeAnyProc
 0002:000033F0       RefAnyProc
 0002:000033F4       Unassigned
 0002:00003404       Null
 0002:00003414       EmptyParam
 0002:00003424       AllocMemCount
 0002:00003428       AllocMemSize
 0002:0000342C       .3
 0002:00003430       initialized
 0002:00003434       heapErrorCode
 0002:00003438       heapLock
 0002:00003450       blockDescBlockList
 0002:00003454       blockDescFreeList
 0002:00003458       spaceRoot
 0002:00003468       decommittedRoot
 0002:00003478       avail
 0002:00003484       rover
 0002:00003488       remBytes
 0002:0000348C       curAlloc
 0002:00003490       smallTab
 0002:00003494       committedRoot
 0002:000034A4       InitContext
 0002:000034D0       ModuleIsLib
 0002:000034D1       ModuleIsCpp
 0002:000034D4       TlsIndex
 0002:000034DC       HInstance
 0002:000034E0       .1
 0002:000034E4       TlsBuffer
 0002:000034E8       .3
 0002:000034EC       .1
 0002:000034F0       .1
 0002:000034F4       CurrencyString
 0002:000034F8       CurrencyFormat
 0002:000034F9       NegCurrFormat
 0002:000034FA       ThousandSeparator
 0002:000034FB       DecimalSeparator
 0002:000034FC       CurrencyDecimals
 0002:000034FD       DateSeparator
 0002:00003500       ShortDateFormat
 0002:00003504       LongDateFormat
 0002:00003508       TimeSeparator
 0002:0000350C       TimeAMString
 0002:00003510       TimePMString
 0002:00003514       ShortTimeFormat
 0002:00003518       LongTimeFormat
 0002:0000351C       ShortMonthNames
 0002:0000354C       LongMonthNames
 0002:0000357C       ShortDayNames
 0002:00003598       LongDayNames
 0002:000035B4       SysLocale
 0002:000035C0       EraNames
 0002:000035DC       EraYearOffsets
 0002:000035F8       ListSeparator
 0002:000035FC       .44
 0002:00003600       OutOfMemory
 0002:00003604       InvalidPointer
 0002:00003608       FLanguages
 0002:0000360C       .3
 0002:00003610       .1
 0002:00003614       .5
 0002:00003618       GlobalNameSpace
 0002:0000361C       FindGlobalComponent
 0002:00003620       .84
 0002:00003624       ClassList
 0002:00003628       ClassAliasList
 0002:0000362C       IntConstList
 0002:00003630       GlobalFixupList
 0002:00003634       ThreadLock
 0002:0000364C       ThreadWindow
 0002:00003650       ThreadCount
 0002:00003654       SystemPalette16
 0002:00003658       .81
 0002:0000365C       ScreenLogPixels
 0002:00003660       StockPen
 0002:00003664       StockBrush
 0002:00003668       StockFont
 0002:0000366C       StockIcon
 0002:00003670       BitmapImageLock
 0002:00003688       CounterLock
 0002:000036A0       FontManager
 0002:000036A4       PenManager
 0002:000036A8       BrushManager
 0002:000036AC       CanvasList
 0002:000036B0       PatternManager
 0002:000036B4       .9
 0002:000036B8       .1
 0002:000036BC       ComCtl32DLL
 0002:000036C0       _InitCommonControlsEx
 0002:000036C4       GetSystemMetrics
 0002:000036C8       MonitorFromWindow
 0002:000036CC       MonitorFromRect
 0002:000036D0       MonitorFromPoint
 0002:000036D4       GetMonitorInfoA
 0002:000036D8       GetMonitorInfoW
 0002:000036DC       GetMonitorInfo
 0002:000036E0       EnumDisplayMonitors
 0002:000036E4       .1
 0002:000036E8       User32Dll
 0002:000036EC       InitApis
 0002:000036F4       MMAvailable
 0002:000036F8       .1
 0002:000036FC       .2
 0002:00003700       .3
 0002:00003704       .3
 0002:00003708       FlatSB_EnableScrollBar
 0002:0000370C       FlatSB_ShowScrollBar
 0002:00003710       FlatSB_GetScrollRange
 0002:00003714       FlatSB_GetScrollInfo
 0002:00003718       FlatSB_GetScrollPos
 0002:0000371C       FlatSB_SetScrollPos
 0002:00003720       FlatSB_SetScrollInfo
 0002:00003724       FlatSB_SetScrollRange
 0002:00003728       .1
 0002:0000372C       _FlatSB_GetScrollProp
 0002:00003730       _FlatSB_SetScrollProp
 0002:00003734       _InitializeFlatSB
 0002:00003738       _UninitializeFlatSB
 0002:0000373C       .22
 0002:00003740       CF_PICTURE
 0002:00003742       CF_COMPONENT
 0002:00003744       .2
 0002:00003748       FClipboard
 0002:0000374C       .02
 0002:00003750       Mouse
 0002:00003754       NewStyleControls
 0002:00003758       .22
 0002:0000375C       WindowAtom
 0002:0000375E       ControlAtom
 0002:00003760       DragControl
 0002:00003764       DragObject
 0002:00003768       DragFreeObject
 0002:0000376C       DragCapture
 0002:00003770       DragStartPos
 0002:00003778       DragSaveCursor
 0002:0000377C       DragThreshold
 0002:00003780       ActiveDrag
 0002:00003784       DragImageList
 0002:00003788       DockSiteList
 0002:0000378C       QualifyingSites
 0002:00003790       CanvasList
 0002:00003794       _WINNLSEnableIME
 0002:00003798       _ImmGetContext
 0002:0000379C       _ImmReleaseContext
 0002:000037A0       _ImmGetConversionStatus
 0002:000037A4       _ImmSetConversionStatus
 0002:000037A8       _ImmSetOpenStatus
 0002:000037AC       _ImmSetCompositionWindow
 0002:000037B0       _ImmSetCompositionFont
 0002:000037B4       _ImmGetCompositionString
 0002:000037B8       _ImmIsIME
 0002:000037BC       _ImmNotifyIME
 0002:000037C0       .7
 0002:000037C4       .3
 0002:000037C8       PopupList
 0002:000037CC       ShortCutItems
 0002:000037D0       .9
 0002:000037D4       CommandPool
 0002:000037D8       Application
 0002:000037DC       Screen
 0002:000037E0       .51
 0002:000037E4       InstBlockList
 0002:000037E8       InstFreeList
 0002:000037EC       HintThreadID
 0002:000037F0       HintDoneEvent
 0002:000037F4       HintHook
 0002:000037F8       HintThread
 0002:000037FC       .1
 0002:00003800       .1
 0002:00003804       .1
 0002:00003808       .1
 0002:0000380C       .1
 0002:00003810       .1
 0002:00003814       .61
 0002:00003818       .1
 0002:0000381C       .01
 0002:00003820       HelpMsg
 0002:00003824       FindMsg
 0002:00003828       ButtonWidths
 0002:00003854       .1
 0002:00003858       .6
 0002:0000385C       .1
 0002:00003860       .61
 0002:00003864       OleUninitializing
 0002:00003868       ComClassManagerVar
 0002:0000386C       SaveInitProc
 0002:00003870       NeedToUninitialize
 0002:00003874       .16
 0002:00003878       .3
 0002:0000387C       .1
 0002:00003880       .2
 0002:00003884       DllGetClassObject
 0002:00003888       Loading
 0002:000038A0       .1
 0002:000038A4       .3
 0002:000038A8       .51
 0002:000038AC       .11
 0002:000038B0       .4
 0002:000038B4       .5
 0002:000038B8       .2
 0002:000038BC       .7
 0002:000038C0       .1
 0002:000038C4       .6
 0002:000038C8       .41
 0002:000038CC       WSAData
 0002:00003A5C       WSACreateEvent
 0002:00003A60       WSAResetEvent
 0002:00003A64       WSACloseEvent
 0002:00003A68       WSAEventSelect
 0002:00003A6C       .11
 0002:00003A70       hWinSock2
 0002:00003A74       .1
 0002:00003A78       FourDigitYear
 0002:00003A7C       .1
 0002:00003A80       .5
 0002:00003A84       DM
 0002:00003A88       conn
 0002:00003A8C       cod_err
 0002:00003A90       rus
 0002:00003A94       lat
 0002:00003A98       vers
 0002:00003A9C       iidd
 0002:00003AAC       .2
 0002:00003AB0       .3
 0002:00003AB4       BitBtnGlyphs
 0002:00003AE0       .1
 0002:00003AE4       .1
 0002:00003AE8       .1
 0002:00003AEC       .1
 0002:00003AF0       .1
 0002:00003AF4       .2
 0002:00003AF8       .2
 0002:00003AFC       .2
 0002:00003B00       HookList
 0002:00003B04       .9
 0002:00003B08       .5
 0002:00003B0C       .2
 0002:00003B10       .1
 0002:00003B14       .4
 0002:00003B18       .1
 0002:00003B1C       .45
 0002:00003B20       ShellModule
 0002:00003B24       FRichEditModule
 0002:00003B28       ComCtlVersion
 0002:00003B2C       ToolMenuHook
 0002:00003B30       MenuToolBar
 0002:00003B34       MenuToolBar2
 0002:00003B38       MenuButtonIndex
 0002:00003B3C       LastMenuItem
 0002:00003B40       LastMousePos
 0002:00003B48       StillModal
 0002:00003B4C       ToolMenuKeyHook
 0002:00003B50       .1
 0002:00003B54       .1
 0002:00003B58       .1
 0002:00003B5C       .3
 0002:00003B60       .7
 0002:00003B64       .01
 0002:00003B68       .1
 0002:00003B6C       .3
 0002:00003B70       fr_splash
 0002:00003B74       .2
 0002:00003B78       PasswordDlg
 0002:00003B7C       otv
 0002:00003B80       ii
 0002:00003B84       .2
 0002:00003B88       .22
 0002:00003B8C       .9
 0002:00003B90       DrawBitmap
 0002:00003B94       UserCount
 0002:00003B98       .2
 0002:00003B9C       pr
 0002:00003BAC       pp
 0002:00003BBC       .1
 0002:00003BC0       .7
 0002:00003BC4       DCClasses
 0002:00003BC8       DataClasses
 0002:00003BCC       .51
 0002:00003BD0       .6
 0002:00003BD4       .3
 0002:00003BD8       .3
 0002:00003BDC       .1
 0002:00003BE0       .11
 0002:00003BE4       .3
 0002:00003BE8       .5
 0002:00003BEC       .1
 0002:00003BF0       .2
 0002:00003BF4       .6
 0002:00003BF8       fr_kns_edit
 0002:00003BFC       .2
 0002:00003C00       id
 0002:00003C04       rr
 0002:00003C14       is_new
 0002:00003C18       ux
 0002:00003C1C       uy
 0002:00003C20       b_x
 0002:00003C24       b_y
 0002:00003C28       fr_ns_edit
 0002:00003C2C       .2
 0002:00003C30       id
 0002:00003C34       rr
 0002:00003C44       is_new
 0002:00003C48       ux
 0002:00003C4C       uy
 0002:00003C50       b_x
 0002:00003C54       b_y
 0002:00003C58       fr_vpp_edit
 0002:00003C5C       .2
 0002:00003C60       id
 0002:00003C64       rr
 0002:00003C74       is_new
 0002:00003C78       ux
 0002:00003C7C       uy
 0002:00003C80       ll
 0002:00003C84       n_p
 0002:00003C88       sp
 0002:00003C8C       fr_vrp_edit
 0002:00003C90       .2
 0002:00003C94       id
 0002:00003C98       rr
 0002:00003CA8       is_new
 0002:00003CAC       ux
 0002:00003CB0       uy
 0002:00003CB4       ll
 0002:00003CB8       n_p
 0002:00003CBC       sp
 0002:00003CC0       fr_catch_edit
 0002:00003CC4       .2
 0002:00003CC8       id
 0002:00003CCC       id_spr
 0002:00003CD0       rr
 0002:00003CE0       is_new
 0002:00003CE4       xb
 0002:00003CE8       yb
 0002:00003CEC       xe
 0002:00003CF0       ye
 0002:00003CF4       n_p
 0002:00003CF8       cl
 0002:00003CFC       fr_pipe_edit
 0002:00003D00       .2
 0002:00003D04       id
 0002:00003D08       rr
 0002:00003D18       uuz
 0002:00003D28       is_new
 0002:00003D2C       xb
 0002:00003D30       yb
 0002:00003D34       xe
 0002:00003D38       ye
 0002:00003D3C       n_p
 0002:00003D40       fr_kust_edit
 0002:00003D44       .2
 0002:00003D48       id
 0002:00003D4C       rr
 0002:00003D5C       is_new
 0002:00003D60       ux
 0002:00003D64       uy
 0002:00003D68       b_x
 0002:00003D6C       b_y
 0002:00003D70       fr_get_chislo
 0002:00003D74       Res
 0002:00003D7C       def_val
 0002:00003D84       .2
 0002:00003D88       CF_ICON
 0002:00003D8C       .1
 0002:00003D90       .9
 0002:00003D94       fr_pump_edit
 0002:00003D98       .2
 0002:00003D9C       id
 0002:00003DA0       id_spr
 0002:00003DA4       rr
 0002:00003DB4       is_new
 0002:00003DB8       xb
 0002:00003DBC       yb
 0002:00003DC0       xe
 0002:00003DC4       ye
 0002:00003DC8       n_p
 0002:00003DCC       fr_main
 0002:00003DD0       .2

Bound resource files

c:\program files\borland\delphi5\Lib\CONTROLS.RES
c:\program files\borland\delphi5\Lib\DBLogDlg.DFM
PPD_DM.DFM
c:\program files\borland\delphi5\Lib\BUTTONS.RES
c:\program files\borland\delphi5\RX\UNITS\RXConst.R32
c:\program files\borland\delphi5\RX\UNITS\RXCConst.R32
c:\program files\borland\delphi5\Lib\FileCtrl.RES
c:\program files\borland\delphi5\RX\UNITS\RXCtrls.R32
Splash.DFM
PSWrd.DFM
c:\program files\borland\delphi5\Lib\DBCTRLS.RES
c:\program files\borland\delphi5\Lib\DBGRIDS.RES
spr_id.DFM
c:\program files\borland\delphi5\RX\UNITS\RXSpin.R32
c:\program files\borland\delphi5\Lib\EXTDLGS.RES
c:\program files\borland\delphi5\RX\UNITS\PickDate.R32
c:\program files\borland\delphi5\RX\UNITS\ToolEdit.R32
c:\program files\borland\delphi5\RX\UNITS\RxCalc.R32
c:\program files\borland\delphi5\RX\UNITS\CurrEdit.R32
c:\program files\borland\delphi5\RX\UNITS\RXDConst.R32
c:\program files\borland\delphi5\RX\UNITS\RXDBCtrl.R32
KNS_spr.DFM
NS_spr.DFM
VPP_spr.DFM
VRP_spr.DFM
Catch_spr.DFM
Pipe_spr.DFM
Kust_spr.DFM
Ask_chislo.DFM
Pump_spr.DFM
PPD_main.DFM
PPD_draw.RES
PPD_draw.drf


Program entry point at 0001:000FB250
